../Core/Src/main.c:72:5:main	8	static
../Core/Src/main.c:123:6:SystemClock_Config	88	static
../Core/Src/main.c:164:13:MX_ADC1_Init	24	static
../Core/Src/main.c:216:13:MX_TIM2_Init	64	static
../Core/Src/main.c:273:13:MX_DMA_Init	16	static
../Core/Src/main.c:291:13:MX_GPIO_Init	40	static
../Core/Src/main.c:317:6:HAL_GPIO_EXTI_Callback	16	static
../Core/Src/main.c:329:6:HAL_ADC_ConvHalfCpltCallback	16	static
../Core/Src/main.c:334:6:HAL_ADC_ConvCpltCallback	16	static
../Core/Src/main.c:344:6:Error_Handler	4	static,ignoring_inline_asm
