17:14:48 **** Incremental Build of configuration Debug for project STM32F401CDU6_PWM ****
make -j12 all 
arm-none-eabi-gcc -o "STM32F401CDU6_PWM.elf" @"objects.list"   -mcpu=cortex-m4 -T"C:\Users\Siraj\STM32CubeIDE\workspace_1.14.0\STM32F401CDU6_PWM\STM32F401CDUX_FLASH.ld" --specs=nosys.specs -Wl,-Map="STM32F401CDU6_PWM.map" -Wl,--gc-sections -static --specs=nano.specs -mfpu=fpv4-sp-d16 -mfloat-abi=hard -mthumb -Wl,--start-group -lc -lm -Wl,--end-group
C:/ST/STM32CubeIDE_1.14.0/STM32CubeIDE/plugins/com.st.stm32cube.ide.mcu.externaltools.gnu-tools-for-stm32.11.3.rel1.win32_1.1.100.202309141235/tools/bin/../lib/gcc/arm-none-eabi/11.3.1/../../../../arm-none-eabi/bin/ld.exe: ./Core/Src/stm32f4xx_it.o: in function `EXTI0_IRQHandler':
C:/Users/Siraj/STM32CubeIDE/workspace_1.14.0/STM32F401CDU6_PWM/Debug/../Core/Src/stm32f4xx_it.c:205: multiple definition of `EXTI0_IRQHandler'; ./Core/Src/main.o:C:/Users/Siraj/STM32CubeIDE/workspace_1.14.0/STM32F401CDU6_PWM/Debug/../Core/Src/main.c:240: first defined here
collect2.exe: error: ld returned 1 exit status
make: *** [makefile:64: STM32F401CDU6_PWM.elf] Error 1
"make -j12 all" terminated with exit code 2. Build might be incomplete.
17:15:04 **** Incremental Build of configuration Debug for project STM32F401CDU6_PWM ****
make -j12 all 
arm-none-eabi-gcc -o "STM32F401CDU6_PWM.elf" @"objects.list"   -mcpu=cortex-m4 -T"C:\Users\Siraj\STM32CubeIDE\workspace_1.14.0\STM32F401CDU6_PWM\STM32F401CDUX_FLASH.ld" --specs=nosys.specs -Wl,-Map="STM32F401CDU6_PWM.map" -Wl,--gc-sections -static --specs=nano.specs -mfpu=fpv4-sp-d16 -mfloat-abi=hard -mthumb -Wl,--start-group -lc -lm -Wl,--end-group
C:/ST/STM32CubeIDE_1.14.0/STM32CubeIDE/plugins/com.st.stm32cube.ide.mcu.externaltools.gnu-tools-for-stm32.11.3.rel1.win32_1.1.100.202309141235/tools/bin/../lib/gcc/arm-none-eabi/11.3.1/../../../../arm-none-eabi/bin/ld.exe: ./Core/Src/stm32f4xx_it.o: in function `EXTI0_IRQHandler':
C:/Users/Siraj/STM32CubeIDE/workspace_1.14.0/STM32F401CDU6_PWM/Debug/../Core/Src/stm32f4xx_it.c:205: multiple definition of `EXTI0_IRQHandler'; ./Core/Src/main.o:C:/Users/Siraj/STM32CubeIDE/workspace_1.14.0/STM32F401CDU6_PWM/Debug/../Core/Src/main.c:240: first defined here
collect2.exe: error: ld returned 1 exit status
make: *** [makefile:64: STM32F401CDU6_PWM.elf] Error 1
"make -j12 all" terminated with exit code 2. Build might be incomplete.
17:15:04 **** Incremental Build of configuration Debug for project STM32_DFSDM_T1 ****
make -j12 all 
arm-none-eabi-size  STM32_DFSDM_T1.elf 
   text	   data	    bss	    dec	    hex	filename
  21856	     20	  44660	  66536	  103e8	STM32_DFSDM_T1.elf
Finished building: default.size.stdout
 
17:15:13 **** Incremental Build of configuration Debug for project STM32F401CDU6_PWM ****
make -j12 all 
arm-none-eabi-gcc -o "STM32F401CDU6_PWM.elf" @"objects.list"   -mcpu=cortex-m4 -T"C:\Users\Siraj\STM32CubeIDE\workspace_1.14.0\STM32F401CDU6_PWM\STM32F401CDUX_FLASH.ld" --specs=nosys.specs -Wl,-Map="STM32F401CDU6_PWM.map" -Wl,--gc-sections -static --specs=nano.specs -mfpu=fpv4-sp-d16 -mfloat-abi=hard -mthumb -Wl,--start-group -lc -lm -Wl,--end-group
C:/ST/STM32CubeIDE_1.14.0/STM32CubeIDE/plugins/com.st.stm32cube.ide.mcu.externaltools.gnu-tools-for-stm32.11.3.rel1.win32_1.1.100.202309141235/tools/bin/../lib/gcc/arm-none-eabi/11.3.1/../../../../arm-none-eabi/bin/ld.exe: ./Core/Src/stm32f4xx_it.o: in function `EXTI0_IRQHandler':
C:/Users/Siraj/STM32CubeIDE/workspace_1.14.0/STM32F401CDU6_PWM/Debug/../Core/Src/stm32f4xx_it.c:205: multiple definition of `EXTI0_IRQHandler'; ./Core/Src/main.o:C:/Users/Siraj/STM32CubeIDE/workspace_1.14.0/STM32F401CDU6_PWM/Debug/../Core/Src/main.c:240: first defined here
collect2.exe: error: ld returned 1 exit status
make: *** [makefile:64: STM32F401CDU6_PWM.elf] Error 1
"make -j12 all" terminated with exit code 2. Build might be incomplete.
17:15:27 **** Incremental Build of configuration Debug for project STM32F401CDU6_PWM ****
make -j12 all 
arm-none-eabi-gcc -o "STM32F401CDU6_PWM.elf" @"objects.list"   -mcpu=cortex-m4 -T"C:\Users\Siraj\STM32CubeIDE\workspace_1.14.0\STM32F401CDU6_PWM\STM32F401CDUX_FLASH.ld" --specs=nosys.specs -Wl,-Map="STM32F401CDU6_PWM.map" -Wl,--gc-sections -static --specs=nano.specs -mfpu=fpv4-sp-d16 -mfloat-abi=hard -mthumb -Wl,--start-group -lc -lm -Wl,--end-group
C:/ST/STM32CubeIDE_1.14.0/STM32CubeIDE/plugins/com.st.stm32cube.ide.mcu.externaltools.gnu-tools-for-stm32.11.3.rel1.win32_1.1.100.202309141235/tools/bin/../lib/gcc/arm-none-eabi/11.3.1/../../../../arm-none-eabi/bin/ld.exe: ./Core/Src/stm32f4xx_it.o: in function `EXTI0_IRQHandler':
C:/Users/Siraj/STM32CubeIDE/workspace_1.14.0/STM32F401CDU6_PWM/Debug/../Core/Src/stm32f4xx_it.c:205: multiple definition of `EXTI0_IRQHandler'; ./Core/Src/main.o:C:/Users/Siraj/STM32CubeIDE/workspace_1.14.0/STM32F401CDU6_PWM/Debug/../Core/Src/main.c:240: first defined here
collect2.exe: error: ld returned 1 exit status
make: *** [makefile:64: STM32F401CDU6_PWM.elf] Error 1
"make -j12 all" terminated with exit code 2. Build might be incomplete.
17:15:42 **** Incremental Build of configuration Debug for project STM32F401CDU6_PWM ****
make -j12 all 
arm-none-eabi-gcc -o "STM32F401CDU6_PWM.elf" @"objects.list"   -mcpu=cortex-m4 -T"C:\Users\Siraj\STM32CubeIDE\workspace_1.14.0\STM32F401CDU6_PWM\STM32F401CDUX_FLASH.ld" --specs=nosys.specs -Wl,-Map="STM32F401CDU6_PWM.map" -Wl,--gc-sections -static --specs=nano.specs -mfpu=fpv4-sp-d16 -mfloat-abi=hard -mthumb -Wl,--start-group -lc -lm -Wl,--end-group
C:/ST/STM32CubeIDE_1.14.0/STM32CubeIDE/plugins/com.st.stm32cube.ide.mcu.externaltools.gnu-tools-for-stm32.11.3.rel1.win32_1.1.100.202309141235/tools/bin/../lib/gcc/arm-none-eabi/11.3.1/../../../../arm-none-eabi/bin/ld.exe: ./Core/Src/stm32f4xx_it.o: in function `EXTI0_IRQHandler':
C:/Users/Siraj/STM32CubeIDE/workspace_1.14.0/STM32F401CDU6_PWM/Debug/../Core/Src/stm32f4xx_it.c:205: multiple definition of `EXTI0_IRQHandler'; ./Core/Src/main.o:C:/Users/Siraj/STM32CubeIDE/workspace_1.14.0/STM32F401CDU6_PWM/Debug/../Core/Src/main.c:240: first defined here
collect2.exe: error: ld returned 1 exit status
make: *** [makefile:64: STM32F401CDU6_PWM.elf] Error 1
"make -j12 all" terminated with exit code 2. Build might be incomplete.
17:15:55 **** Incremental Build of configuration Debug for project STM32F401CDU6_PWM ****
make -j12 all 
arm-none-eabi-gcc -o "STM32F401CDU6_PWM.elf" @"objects.list"   -mcpu=cortex-m4 -T"C:\Users\Siraj\STM32CubeIDE\workspace_1.14.0\STM32F401CDU6_PWM\STM32F401CDUX_FLASH.ld" --specs=nosys.specs -Wl,-Map="STM32F401CDU6_PWM.map" -Wl,--gc-sections -static --specs=nano.specs -mfpu=fpv4-sp-d16 -mfloat-abi=hard -mthumb -Wl,--start-group -lc -lm -Wl,--end-group
C:/ST/STM32CubeIDE_1.14.0/STM32CubeIDE/plugins/com.st.stm32cube.ide.mcu.externaltools.gnu-tools-for-stm32.11.3.rel1.win32_1.1.100.202309141235/tools/bin/../lib/gcc/arm-none-eabi/11.3.1/../../../../arm-none-eabi/bin/ld.exe: ./Core/Src/stm32f4xx_it.o: in function `EXTI0_IRQHandler':
C:/Users/Siraj/STM32CubeIDE/workspace_1.14.0/STM32F401CDU6_PWM/Debug/../Core/Src/stm32f4xx_it.c:205: multiple definition of `EXTI0_IRQHandler'; ./Core/Src/main.o:C:/Users/Siraj/STM32CubeIDE/workspace_1.14.0/STM32F401CDU6_PWM/Debug/../Core/Src/main.c:240: first defined here
collect2.exe: error: ld returned 1 exit status
make: *** [makefile:64: STM32F401CDU6_PWM.elf] Error 1
"make -j12 all" terminated with exit code 2. Build might be incomplete.
17:17:36 **** Incremental Build of configuration Debug for project STM32F401CDU6_PWM ****
make -j12 all 
arm-none-eabi-gcc "../Core/Src/main.c" -mcpu=cortex-m4 -std=gnu11 -g3 -DDEBUG -DUSE_HAL_DRIVER -DSTM32F401xE -c -I../Core/Inc -I../Drivers/STM32F4xx_HAL_Driver/Inc -I../Drivers/STM32F4xx_HAL_Driver/Inc/Legacy -I../Drivers/CMSIS/Device/ST/STM32F4xx/Include -I../Drivers/CMSIS/Include -O0 -ffunction-sections -fdata-sections -Wall -fstack-usage -fcyclomatic-complexity -MMD -MP -MF"Core/Src/main.d" -MT"Core/Src/main.o" --specs=nano.specs -mfpu=fpv4-sp-d16 -mfloat-abi=hard -mthumb -o "Core/Src/main.o"
arm-none-eabi-gcc -o "STM32F401CDU6_PWM.elf" @"objects.list"   -mcpu=cortex-m4 -T"C:\Users\Siraj\STM32CubeIDE\workspace_1.14.0\STM32F401CDU6_PWM\STM32F401CDUX_FLASH.ld" --specs=nosys.specs -Wl,-Map="STM32F401CDU6_PWM.map" -Wl,--gc-sections -static --specs=nano.specs -mfpu=fpv4-sp-d16 -mfloat-abi=hard -mthumb -Wl,--start-group -lc -lm -Wl,--end-group
Finished building target: STM32F401CDU6_PWM.elf
 
arm-none-eabi-size  STM32F401CDU6_PWM.elf 
arm-none-eabi-objdump -h -S STM32F401CDU6_PWM.elf  > "STM32F401CDU6_PWM.list"
   text	   data	    bss	    dec	    hex	filename
   9628	     20	   1644	  11292	   2c1c	STM32F401CDU6_PWM.elf
Finished building: default.size.stdout
 
Finished building: STM32F401CDU6_PWM.list
 
17:17:37 **** Incremental Build of configuration Debug for project STM32_DFSDM_T1 ****
make -j12 all 
arm-none-eabi-size  STM32_DFSDM_T1.elf 
   text	   data	    bss	    dec	    hex	filename
  21856	     20	  44660	  66536	  103e8	STM32_DFSDM_T1.elf
Finished building: default.size.stdout
 
17:17:48 **** Incremental Build of configuration Debug for project STM32F401CDU6_PWM ****
make -j12 all 
arm-none-eabi-size  STM32F401CDU6_PWM.elf 
   text	   data	    bss	    dec	    hex	filename
   9628	     20	   1644	  11292	   2c1c	STM32F401CDU6_PWM.elf
Finished building: default.size.stdout
 
17:31:34 **** Incremental Build of configuration Debug for project STM32F401CDU6_PWM ****
make -j12 all 
arm-none-eabi-gcc "../Core/Src/main.c" -mcpu=cortex-m4 -std=gnu11 -g3 -DDEBUG -DUSE_HAL_DRIVER -DSTM32F401xE -c -I../Core/Inc -I../Drivers/STM32F4xx_HAL_Driver/Inc -I../Drivers/STM32F4xx_HAL_Driver/Inc/Legacy -I../Drivers/CMSIS/Device/ST/STM32F4xx/Include -I../Drivers/CMSIS/Include -O0 -ffunction-sections -fdata-sections -Wall -fstack-usage -fcyclomatic-complexity -MMD -MP -MF"Core/Src/main.d" -MT"Core/Src/main.o" --specs=nano.specs -mfpu=fpv4-sp-d16 -mfloat-abi=hard -mthumb -o "Core/Src/main.o"
arm-none-eabi-gcc -o "STM32F401CDU6_PWM.elf" @"objects.list"   -mcpu=cortex-m4 -T"C:\Users\Siraj\STM32CubeIDE\workspace_1.14.0\STM32F401CDU6_PWM\STM32F401CDUX_FLASH.ld" --specs=nosys.specs -Wl,-Map="STM32F401CDU6_PWM.map" -Wl,--gc-sections -static --specs=nano.specs -mfpu=fpv4-sp-d16 -mfloat-abi=hard -mthumb -Wl,--start-group -lc -lm -Wl,--end-group
Finished building target: STM32F401CDU6_PWM.elf
 
arm-none-eabi-size  STM32F401CDU6_PWM.elf 
arm-none-eabi-objdump -h -S STM32F401CDU6_PWM.elf  > "STM32F401CDU6_PWM.list"
   text	   data	    bss	    dec	    hex	filename
   9688	     20	   1644	  11352	   2c58	STM32F401CDU6_PWM.elf
Finished building: default.size.stdout
 
Finished building: STM32F401CDU6_PWM.list
 
17:34:26 **** Incremental Build of configuration Debug for project STM32F401CDU6_PWM ****
make -j12 all 
arm-none-eabi-gcc "../Core/Src/main.c" -mcpu=cortex-m4 -std=gnu11 -g3 -DDEBUG -DUSE_HAL_DRIVER -DSTM32F401xE -c -I../Core/Inc -I../Drivers/STM32F4xx_HAL_Driver/Inc -I../Drivers/STM32F4xx_HAL_Driver/Inc/Legacy -I../Drivers/CMSIS/Device/ST/STM32F4xx/Include -I../Drivers/CMSIS/Include -O0 -ffunction-sections -fdata-sections -Wall -fstack-usage -fcyclomatic-complexity -MMD -MP -MF"Core/Src/main.d" -MT"Core/Src/main.o" --specs=nano.specs -mfpu=fpv4-sp-d16 -mfloat-abi=hard -mthumb -o "Core/Src/main.o"
arm-none-eabi-gcc -o "STM32F401CDU6_PWM.elf" @"objects.list"   -mcpu=cortex-m4 -T"C:\Users\Siraj\STM32CubeIDE\workspace_1.14.0\STM32F401CDU6_PWM\STM32F401CDUX_FLASH.ld" --specs=nosys.specs -Wl,-Map="STM32F401CDU6_PWM.map" -Wl,--gc-sections -static --specs=nano.specs -mfpu=fpv4-sp-d16 -mfloat-abi=hard -mthumb -Wl,--start-group -lc -lm -Wl,--end-group
Finished building target: STM32F401CDU6_PWM.elf
 
arm-none-eabi-size  STM32F401CDU6_PWM.elf 
arm-none-eabi-objdump -h -S STM32F401CDU6_PWM.elf  > "STM32F401CDU6_PWM.list"
   text	   data	    bss	    dec	    hex	filename
   9692	     20	   1644	  11356	   2c5c	STM32F401CDU6_PWM.elf
Finished building: default.size.stdout
 
Finished building: STM32F401CDU6_PWM.list
 
17:36:20 **** Incremental Build of configuration Debug for project STM32F401CDU6_PWM ****
make -j12 all 
arm-none-eabi-gcc "../Core/Src/main.c" -mcpu=cortex-m4 -std=gnu11 -g3 -DDEBUG -DUSE_HAL_DRIVER -DSTM32F401xE -c -I../Core/Inc -I../Drivers/STM32F4xx_HAL_Driver/Inc -I../Drivers/STM32F4xx_HAL_Driver/Inc/Legacy -I../Drivers/CMSIS/Device/ST/STM32F4xx/Include -I../Drivers/CMSIS/Include -O0 -ffunction-sections -fdata-sections -Wall -fstack-usage -fcyclomatic-complexity -MMD -MP -MF"Core/Src/main.d" -MT"Core/Src/main.o" --specs=nano.specs -mfpu=fpv4-sp-d16 -mfloat-abi=hard -mthumb -o "Core/Src/main.o"
arm-none-eabi-gcc -o "STM32F401CDU6_PWM.elf" @"objects.list"   -mcpu=cortex-m4 -T"C:\Users\Siraj\STM32CubeIDE\workspace_1.14.0\STM32F401CDU6_PWM\STM32F401CDUX_FLASH.ld" --specs=nosys.specs -Wl,-Map="STM32F401CDU6_PWM.map" -Wl,--gc-sections -static --specs=nano.specs -mfpu=fpv4-sp-d16 -mfloat-abi=hard -mthumb -Wl,--start-group -lc -lm -Wl,--end-group
Finished building target: STM32F401CDU6_PWM.elf
 
arm-none-eabi-size  STM32F401CDU6_PWM.elf 
arm-none-eabi-objdump -h -S STM32F401CDU6_PWM.elf  > "STM32F401CDU6_PWM.list"
   text	   data	    bss	    dec	    hex	filename
   9692	     20	   1644	  11356	   2c5c	STM32F401CDU6_PWM.elf
Finished building: default.size.stdout
 
Finished building: STM32F401CDU6_PWM.list
 
17:37:34 **** Incremental Build of configuration Debug for project STM32F401CDU6_PWM ****
make -j12 all 
arm-none-eabi-gcc "../Core/Src/main.c" -mcpu=cortex-m4 -std=gnu11 -g3 -DDEBUG -DUSE_HAL_DRIVER -DSTM32F401xE -c -I../Core/Inc -I../Drivers/STM32F4xx_HAL_Driver/Inc -I../Drivers/STM32F4xx_HAL_Driver/Inc/Legacy -I../Drivers/CMSIS/Device/ST/STM32F4xx/Include -I../Drivers/CMSIS/Include -O0 -ffunction-sections -fdata-sections -Wall -fstack-usage -fcyclomatic-complexity -MMD -MP -MF"Core/Src/main.d" -MT"Core/Src/main.o" --specs=nano.specs -mfpu=fpv4-sp-d16 -mfloat-abi=hard -mthumb -o "Core/Src/main.o"
arm-none-eabi-gcc -o "STM32F401CDU6_PWM.elf" @"objects.list"   -mcpu=cortex-m4 -T"C:\Users\Siraj\STM32CubeIDE\workspace_1.14.0\STM32F401CDU6_PWM\STM32F401CDUX_FLASH.ld" --specs=nosys.specs -Wl,-Map="STM32F401CDU6_PWM.map" -Wl,--gc-sections -static --specs=nano.specs -mfpu=fpv4-sp-d16 -mfloat-abi=hard -mthumb -Wl,--start-group -lc -lm -Wl,--end-group
Finished building target: STM32F401CDU6_PWM.elf
 
arm-none-eabi-size  STM32F401CDU6_PWM.elf 
arm-none-eabi-objdump -h -S STM32F401CDU6_PWM.elf  > "STM32F401CDU6_PWM.list"
   text	   data	    bss	    dec	    hex	filename
   9692	     20	   1644	  11356	   2c5c	STM32F401CDU6_PWM.elf
Finished building: default.size.stdout
 
Finished building: STM32F401CDU6_PWM.list
 
17:53:43 **** Incremental Build of configuration Debug for project STM32F401CDU6_PWM ****
make -j12 all 
arm-none-eabi-gcc "../Core/Src/main.c" -mcpu=cortex-m4 -std=gnu11 -g3 -DDEBUG -DUSE_HAL_DRIVER -DSTM32F401xE -c -I../Core/Inc -I../Drivers/STM32F4xx_HAL_Driver/Inc -I../Drivers/STM32F4xx_HAL_Driver/Inc/Legacy -I../Drivers/CMSIS/Device/ST/STM32F4xx/Include -I../Drivers/CMSIS/Include -O0 -ffunction-sections -fdata-sections -Wall -fstack-usage -fcyclomatic-complexity -MMD -MP -MF"Core/Src/main.d" -MT"Core/Src/main.o" --specs=nano.specs -mfpu=fpv4-sp-d16 -mfloat-abi=hard -mthumb -o "Core/Src/main.o"
arm-none-eabi-gcc -o "STM32F401CDU6_PWM.elf" @"objects.list"   -mcpu=cortex-m4 -T"C:\Users\Siraj\STM32CubeIDE\workspace_1.14.0\STM32F401CDU6_PWM\STM32F401CDUX_FLASH.ld" --specs=nosys.specs -Wl,-Map="STM32F401CDU6_PWM.map" -Wl,--gc-sections -static --specs=nano.specs -mfpu=fpv4-sp-d16 -mfloat-abi=hard -mthumb -Wl,--start-group -lc -lm -Wl,--end-group
Finished building target: STM32F401CDU6_PWM.elf
 
arm-none-eabi-size  STM32F401CDU6_PWM.elf 
arm-none-eabi-objdump -h -S STM32F401CDU6_PWM.elf  > "STM32F401CDU6_PWM.list"
   text	   data	    bss	    dec	    hex	filename
   9688	     20	   1644	  11352	   2c58	STM32F401CDU6_PWM.elf
Finished building: default.size.stdout
 
Finished building: STM32F401CDU6_PWM.list
 
17:53:43 **** Incremental Build of configuration Debug for project STM32_DFSDM_T1 ****
make -j12 all 
arm-none-eabi-size  STM32_DFSDM_T1.elf 
   text	   data	    bss	    dec	    hex	filename
  21856	     20	  44660	  66536	  103e8	STM32_DFSDM_T1.elf
Finished building: default.size.stdout
 
23:02:36 **** Incremental Build of configuration Debug for project STM32F401CDU6_PWM ****
make -j12 all 
arm-none-eabi-gcc "../Drivers/STM32F4xx_HAL_Driver/Src/stm32f4xx_hal.c" -mcpu=cortex-m4 -std=gnu11 -g3 -DDEBUG -DUSE_HAL_DRIVER -DSTM32F401xE -c -I../Core/Inc -I../Drivers/STM32F4xx_HAL_Driver/Inc -I../Drivers/STM32F4xx_HAL_Driver/Inc/Legacy -I../Drivers/CMSIS/Device/ST/STM32F4xx/Include -I../Drivers/CMSIS/Include -O0 -ffunction-sections -fdata-sections -Wall -fstack-usage -fcyclomatic-complexity -MMD -MP -MF"Drivers/STM32F4xx_HAL_Driver/Src/stm32f4xx_hal.d" -MT"Drivers/STM32F4xx_HAL_Driver/Src/stm32f4xx_hal.o" --specs=nano.specs -mfpu=fpv4-sp-d16 -mfloat-abi=hard -mthumb -o "Drivers/STM32F4xx_HAL_Driver/Src/stm32f4xx_hal.o"
arm-none-eabi-gcc "../Drivers/STM32F4xx_HAL_Driver/Src/stm32f4xx_hal_adc.c" -mcpu=cortex-m4 -std=gnu11 -g3 -DDEBUG -DUSE_HAL_DRIVER -DSTM32F401xE -c -I../Core/Inc -I../Drivers/STM32F4xx_HAL_Driver/Inc -I../Drivers/STM32F4xx_HAL_Driver/Inc/Legacy -I../Drivers/CMSIS/Device/ST/STM32F4xx/Include -I../Drivers/CMSIS/Include -O0 -ffunction-sections -fdata-sections -Wall -fstack-usage -fcyclomatic-complexity -MMD -MP -MF"Drivers/STM32F4xx_HAL_Driver/Src/stm32f4xx_hal_adc.d" -MT"Drivers/STM32F4xx_HAL_Driver/Src/stm32f4xx_hal_adc.o" --specs=nano.specs -mfpu=fpv4-sp-d16 -mfloat-abi=hard -mthumb -o "Drivers/STM32F4xx_HAL_Driver/Src/stm32f4xx_hal_adc.o"
arm-none-eabi-gcc "../Drivers/STM32F4xx_HAL_Driver/Src/stm32f4xx_hal_adc_ex.c" -mcpu=cortex-m4 -std=gnu11 -g3 -DDEBUG -DUSE_HAL_DRIVER -DSTM32F401xE -c -I../Core/Inc -I../Drivers/STM32F4xx_HAL_Driver/Inc -I../Drivers/STM32F4xx_HAL_Driver/Inc/Legacy -I../Drivers/CMSIS/Device/ST/STM32F4xx/Include -I../Drivers/CMSIS/Include -O0 -ffunction-sections -fdata-sections -Wall -fstack-usage -fcyclomatic-complexity -MMD -MP -MF"Drivers/STM32F4xx_HAL_Driver/Src/stm32f4xx_hal_adc_ex.d" -MT"Drivers/STM32F4xx_HAL_Driver/Src/stm32f4xx_hal_adc_ex.o" --specs=nano.specs -mfpu=fpv4-sp-d16 -mfloat-abi=hard -mthumb -o "Drivers/STM32F4xx_HAL_Driver/Src/stm32f4xx_hal_adc_ex.o"
arm-none-eabi-gcc "../Drivers/STM32F4xx_HAL_Driver/Src/stm32f4xx_hal_cortex.c" -mcpu=cortex-m4 -std=gnu11 -g3 -DDEBUG -DUSE_HAL_DRIVER -DSTM32F401xE -c -I../Core/Inc -I../Drivers/STM32F4xx_HAL_Driver/Inc -I../Drivers/STM32F4xx_HAL_Driver/Inc/Legacy -I../Drivers/CMSIS/Device/ST/STM32F4xx/Include -I../Drivers/CMSIS/Include -O0 -ffunction-sections -fdata-sections -Wall -fstack-usage -fcyclomatic-complexity -MMD -MP -MF"Drivers/STM32F4xx_HAL_Driver/Src/stm32f4xx_hal_cortex.d" -MT"Drivers/STM32F4xx_HAL_Driver/Src/stm32f4xx_hal_cortex.o" --specs=nano.specs -mfpu=fpv4-sp-d16 -mfloat-abi=hard -mthumb -o "Drivers/STM32F4xx_HAL_Driver/Src/stm32f4xx_hal_cortex.o"
arm-none-eabi-gcc "../Drivers/STM32F4xx_HAL_Driver/Src/stm32f4xx_hal_dma.c" -mcpu=cortex-m4 -std=gnu11 -g3 -DDEBUG -DUSE_HAL_DRIVER -DSTM32F401xE -c -I../Core/Inc -I../Drivers/STM32F4xx_HAL_Driver/Inc -I../Drivers/STM32F4xx_HAL_Driver/Inc/Legacy -I../Drivers/CMSIS/Device/ST/STM32F4xx/Include -I../Drivers/CMSIS/Include -O0 -ffunction-sections -fdata-sections -Wall -fstack-usage -fcyclomatic-complexity -MMD -MP -MF"Drivers/STM32F4xx_HAL_Driver/Src/stm32f4xx_hal_dma.d" -MT"Drivers/STM32F4xx_HAL_Driver/Src/stm32f4xx_hal_dma.o" --specs=nano.specs -mfpu=fpv4-sp-d16 -mfloat-abi=hard -mthumb -o "Drivers/STM32F4xx_HAL_Driver/Src/stm32f4xx_hal_dma.o"
arm-none-eabi-gcc "../Drivers/STM32F4xx_HAL_Driver/Src/stm32f4xx_hal_dma_ex.c" -mcpu=cortex-m4 -std=gnu11 -g3 -DDEBUG -DUSE_HAL_DRIVER -DSTM32F401xE -c -I../Core/Inc -I../Drivers/STM32F4xx_HAL_Driver/Inc -I../Drivers/STM32F4xx_HAL_Driver/Inc/Legacy -I../Drivers/CMSIS/Device/ST/STM32F4xx/Include -I../Drivers/CMSIS/Include -O0 -ffunction-sections -fdata-sections -Wall -fstack-usage -fcyclomatic-complexity -MMD -MP -MF"Drivers/STM32F4xx_HAL_Driver/Src/stm32f4xx_hal_dma_ex.d" -MT"Drivers/STM32F4xx_HAL_Driver/Src/stm32f4xx_hal_dma_ex.o" --specs=nano.specs -mfpu=fpv4-sp-d16 -mfloat-abi=hard -mthumb -o "Drivers/STM32F4xx_HAL_Driver/Src/stm32f4xx_hal_dma_ex.o"
arm-none-eabi-gcc "../Drivers/STM32F4xx_HAL_Driver/Src/stm32f4xx_hal_exti.c" -mcpu=cortex-m4 -std=gnu11 -g3 -DDEBUG -DUSE_HAL_DRIVER -DSTM32F401xE -c -I../Core/Inc -I../Drivers/STM32F4xx_HAL_Driver/Inc -I../Drivers/STM32F4xx_HAL_Driver/Inc/Legacy -I../Drivers/CMSIS/Device/ST/STM32F4xx/Include -I../Drivers/CMSIS/Include -O0 -ffunction-sections -fdata-sections -Wall -fstack-usage -fcyclomatic-complexity -MMD -MP -MF"Drivers/STM32F4xx_HAL_Driver/Src/stm32f4xx_hal_exti.d" -MT"Drivers/STM32F4xx_HAL_Driver/Src/stm32f4xx_hal_exti.o" --specs=nano.specs -mfpu=fpv4-sp-d16 -mfloat-abi=hard -mthumb -o "Drivers/STM32F4xx_HAL_Driver/Src/stm32f4xx_hal_exti.o"
arm-none-eabi-gcc "../Drivers/STM32F4xx_HAL_Driver/Src/stm32f4xx_hal_flash.c" -mcpu=cortex-m4 -std=gnu11 -g3 -DDEBUG -DUSE_HAL_DRIVER -DSTM32F401xE -c -I../Core/Inc -I../Drivers/STM32F4xx_HAL_Driver/Inc -I../Drivers/STM32F4xx_HAL_Driver/Inc/Legacy -I../Drivers/CMSIS/Device/ST/STM32F4xx/Include -I../Drivers/CMSIS/Include -O0 -ffunction-sections -fdata-sections -Wall -fstack-usage -fcyclomatic-complexity -MMD -MP -MF"Drivers/STM32F4xx_HAL_Driver/Src/stm32f4xx_hal_flash.d" -MT"Drivers/STM32F4xx_HAL_Driver/Src/stm32f4xx_hal_flash.o" --specs=nano.specs -mfpu=fpv4-sp-d16 -mfloat-abi=hard -mthumb -o "Drivers/STM32F4xx_HAL_Driver/Src/stm32f4xx_hal_flash.o"
arm-none-eabi-gcc "../Drivers/STM32F4xx_HAL_Driver/Src/stm32f4xx_hal_flash_ex.c" -mcpu=cortex-m4 -std=gnu11 -g3 -DDEBUG -DUSE_HAL_DRIVER -DSTM32F401xE -c -I../Core/Inc -I../Drivers/STM32F4xx_HAL_Driver/Inc -I../Drivers/STM32F4xx_HAL_Driver/Inc/Legacy -I../Drivers/CMSIS/Device/ST/STM32F4xx/Include -I../Drivers/CMSIS/Include -O0 -ffunction-sections -fdata-sections -Wall -fstack-usage -fcyclomatic-complexity -MMD -MP -MF"Drivers/STM32F4xx_HAL_Driver/Src/stm32f4xx_hal_flash_ex.d" -MT"Drivers/STM32F4xx_HAL_Driver/Src/stm32f4xx_hal_flash_ex.o" --specs=nano.specs -mfpu=fpv4-sp-d16 -mfloat-abi=hard -mthumb -o "Drivers/STM32F4xx_HAL_Driver/Src/stm32f4xx_hal_flash_ex.o"
arm-none-eabi-gcc "../Drivers/STM32F4xx_HAL_Driver/Src/stm32f4xx_hal_flash_ramfunc.c" -mcpu=cortex-m4 -std=gnu11 -g3 -DDEBUG -DUSE_HAL_DRIVER -DSTM32F401xE -c -I../Core/Inc -I../Drivers/STM32F4xx_HAL_Driver/Inc -I../Drivers/STM32F4xx_HAL_Driver/Inc/Legacy -I../Drivers/CMSIS/Device/ST/STM32F4xx/Include -I../Drivers/CMSIS/Include -O0 -ffunction-sections -fdata-sections -Wall -fstack-usage -fcyclomatic-complexity -MMD -MP -MF"Drivers/STM32F4xx_HAL_Driver/Src/stm32f4xx_hal_flash_ramfunc.d" -MT"Drivers/STM32F4xx_HAL_Driver/Src/stm32f4xx_hal_flash_ramfunc.o" --specs=nano.specs -mfpu=fpv4-sp-d16 -mfloat-abi=hard -mthumb -o "Drivers/STM32F4xx_HAL_Driver/Src/stm32f4xx_hal_flash_ramfunc.o"
arm-none-eabi-gcc "../Drivers/STM32F4xx_HAL_Driver/Src/stm32f4xx_hal_gpio.c" -mcpu=cortex-m4 -std=gnu11 -g3 -DDEBUG -DUSE_HAL_DRIVER -DSTM32F401xE -c -I../Core/Inc -I../Drivers/STM32F4xx_HAL_Driver/Inc -I../Drivers/STM32F4xx_HAL_Driver/Inc/Legacy -I../Drivers/CMSIS/Device/ST/STM32F4xx/Include -I../Drivers/CMSIS/Include -O0 -ffunction-sections -fdata-sections -Wall -fstack-usage -fcyclomatic-complexity -MMD -MP -MF"Drivers/STM32F4xx_HAL_Driver/Src/stm32f4xx_hal_gpio.d" -MT"Drivers/STM32F4xx_HAL_Driver/Src/stm32f4xx_hal_gpio.o" --specs=nano.specs -mfpu=fpv4-sp-d16 -mfloat-abi=hard -mthumb -o "Drivers/STM32F4xx_HAL_Driver/Src/stm32f4xx_hal_gpio.o"
arm-none-eabi-gcc "../Drivers/STM32F4xx_HAL_Driver/Src/stm32f4xx_hal_pwr.c" -mcpu=cortex-m4 -std=gnu11 -g3 -DDEBUG -DUSE_HAL_DRIVER -DSTM32F401xE -c -I../Core/Inc -I../Drivers/STM32F4xx_HAL_Driver/Inc -I../Drivers/STM32F4xx_HAL_Driver/Inc/Legacy -I../Drivers/CMSIS/Device/ST/STM32F4xx/Include -I../Drivers/CMSIS/Include -O0 -ffunction-sections -fdata-sections -Wall -fstack-usage -fcyclomatic-complexity -MMD -MP -MF"Drivers/STM32F4xx_HAL_Driver/Src/stm32f4xx_hal_pwr.d" -MT"Drivers/STM32F4xx_HAL_Driver/Src/stm32f4xx_hal_pwr.o" --specs=nano.specs -mfpu=fpv4-sp-d16 -mfloat-abi=hard -mthumb -o "Drivers/STM32F4xx_HAL_Driver/Src/stm32f4xx_hal_pwr.o"
arm-none-eabi-gcc "../Drivers/STM32F4xx_HAL_Driver/Src/stm32f4xx_hal_pwr_ex.c" -mcpu=cortex-m4 -std=gnu11 -g3 -DDEBUG -DUSE_HAL_DRIVER -DSTM32F401xE -c -I../Core/Inc -I../Drivers/STM32F4xx_HAL_Driver/Inc -I../Drivers/STM32F4xx_HAL_Driver/Inc/Legacy -I../Drivers/CMSIS/Device/ST/STM32F4xx/Include -I../Drivers/CMSIS/Include -O0 -ffunction-sections -fdata-sections -Wall -fstack-usage -fcyclomatic-complexity -MMD -MP -MF"Drivers/STM32F4xx_HAL_Driver/Src/stm32f4xx_hal_pwr_ex.d" -MT"Drivers/STM32F4xx_HAL_Driver/Src/stm32f4xx_hal_pwr_ex.o" --specs=nano.specs -mfpu=fpv4-sp-d16 -mfloat-abi=hard -mthumb -o "Drivers/STM32F4xx_HAL_Driver/Src/stm32f4xx_hal_pwr_ex.o"
arm-none-eabi-gcc "../Drivers/STM32F4xx_HAL_Driver/Src/stm32f4xx_hal_rcc.c" -mcpu=cortex-m4 -std=gnu11 -g3 -DDEBUG -DUSE_HAL_DRIVER -DSTM32F401xE -c -I../Core/Inc -I../Drivers/STM32F4xx_HAL_Driver/Inc -I../Drivers/STM32F4xx_HAL_Driver/Inc/Legacy -I../Drivers/CMSIS/Device/ST/STM32F4xx/Include -I../Drivers/CMSIS/Include -O0 -ffunction-sections -fdata-sections -Wall -fstack-usage -fcyclomatic-complexity -MMD -MP -MF"Drivers/STM32F4xx_HAL_Driver/Src/stm32f4xx_hal_rcc.d" -MT"Drivers/STM32F4xx_HAL_Driver/Src/stm32f4xx_hal_rcc.o" --specs=nano.specs -mfpu=fpv4-sp-d16 -mfloat-abi=hard -mthumb -o "Drivers/STM32F4xx_HAL_Driver/Src/stm32f4xx_hal_rcc.o"
arm-none-eabi-gcc "../Drivers/STM32F4xx_HAL_Driver/Src/stm32f4xx_hal_rcc_ex.c" -mcpu=cortex-m4 -std=gnu11 -g3 -DDEBUG -DUSE_HAL_DRIVER -DSTM32F401xE -c -I../Core/Inc -I../Drivers/STM32F4xx_HAL_Driver/Inc -I../Drivers/STM32F4xx_HAL_Driver/Inc/Legacy -I../Drivers/CMSIS/Device/ST/STM32F4xx/Include -I../Drivers/CMSIS/Include -O0 -ffunction-sections -fdata-sections -Wall -fstack-usage -fcyclomatic-complexity -MMD -MP -MF"Drivers/STM32F4xx_HAL_Driver/Src/stm32f4xx_hal_rcc_ex.d" -MT"Drivers/STM32F4xx_HAL_Driver/Src/stm32f4xx_hal_rcc_ex.o" --specs=nano.specs -mfpu=fpv4-sp-d16 -mfloat-abi=hard -mthumb -o "Drivers/STM32F4xx_HAL_Driver/Src/stm32f4xx_hal_rcc_ex.o"
arm-none-eabi-gcc "../Drivers/STM32F4xx_HAL_Driver/Src/stm32f4xx_hal_tim.c" -mcpu=cortex-m4 -std=gnu11 -g3 -DDEBUG -DUSE_HAL_DRIVER -DSTM32F401xE -c -I../Core/Inc -I../Drivers/STM32F4xx_HAL_Driver/Inc -I../Drivers/STM32F4xx_HAL_Driver/Inc/Legacy -I../Drivers/CMSIS/Device/ST/STM32F4xx/Include -I../Drivers/CMSIS/Include -O0 -ffunction-sections -fdata-sections -Wall -fstack-usage -fcyclomatic-complexity -MMD -MP -MF"Drivers/STM32F4xx_HAL_Driver/Src/stm32f4xx_hal_tim.d" -MT"Drivers/STM32F4xx_HAL_Driver/Src/stm32f4xx_hal_tim.o" --specs=nano.specs -mfpu=fpv4-sp-d16 -mfloat-abi=hard -mthumb -o "Drivers/STM32F4xx_HAL_Driver/Src/stm32f4xx_hal_tim.o"
arm-none-eabi-gcc "../Drivers/STM32F4xx_HAL_Driver/Src/stm32f4xx_hal_tim_ex.c" -mcpu=cortex-m4 -std=gnu11 -g3 -DDEBUG -DUSE_HAL_DRIVER -DSTM32F401xE -c -I../Core/Inc -I../Drivers/STM32F4xx_HAL_Driver/Inc -I../Drivers/STM32F4xx_HAL_Driver/Inc/Legacy -I../Drivers/CMSIS/Device/ST/STM32F4xx/Include -I../Drivers/CMSIS/Include -O0 -ffunction-sections -fdata-sections -Wall -fstack-usage -fcyclomatic-complexity -MMD -MP -MF"Drivers/STM32F4xx_HAL_Driver/Src/stm32f4xx_hal_tim_ex.d" -MT"Drivers/STM32F4xx_HAL_Driver/Src/stm32f4xx_hal_tim_ex.o" --specs=nano.specs -mfpu=fpv4-sp-d16 -mfloat-abi=hard -mthumb -o "Drivers/STM32F4xx_HAL_Driver/Src/stm32f4xx_hal_tim_ex.o"
arm-none-eabi-gcc "../Drivers/STM32F4xx_HAL_Driver/Src/stm32f4xx_ll_adc.c" -mcpu=cortex-m4 -std=gnu11 -g3 -DDEBUG -DUSE_HAL_DRIVER -DSTM32F401xE -c -I../Core/Inc -I../Drivers/STM32F4xx_HAL_Driver/Inc -I../Drivers/STM32F4xx_HAL_Driver/Inc/Legacy -I../Drivers/CMSIS/Device/ST/STM32F4xx/Include -I../Drivers/CMSIS/Include -O0 -ffunction-sections -fdata-sections -Wall -fstack-usage -fcyclomatic-complexity -MMD -MP -MF"Drivers/STM32F4xx_HAL_Driver/Src/stm32f4xx_ll_adc.d" -MT"Drivers/STM32F4xx_HAL_Driver/Src/stm32f4xx_ll_adc.o" --specs=nano.specs -mfpu=fpv4-sp-d16 -mfloat-abi=hard -mthumb -o "Drivers/STM32F4xx_HAL_Driver/Src/stm32f4xx_ll_adc.o"
arm-none-eabi-gcc "../Core/Src/main.c" -mcpu=cortex-m4 -std=gnu11 -g3 -DDEBUG -DUSE_HAL_DRIVER -DSTM32F401xE -c -I../Core/Inc -I../Drivers/STM32F4xx_HAL_Driver/Inc -I../Drivers/STM32F4xx_HAL_Driver/Inc/Legacy -I../Drivers/CMSIS/Device/ST/STM32F4xx/Include -I../Drivers/CMSIS/Include -O0 -ffunction-sections -fdata-sections -Wall -fstack-usage -fcyclomatic-complexity -MMD -MP -MF"Core/Src/main.d" -MT"Core/Src/main.o" --specs=nano.specs -mfpu=fpv4-sp-d16 -mfloat-abi=hard -mthumb -o "Core/Src/main.o"
arm-none-eabi-gcc "../Core/Src/stm32f4xx_hal_msp.c" -mcpu=cortex-m4 -std=gnu11 -g3 -DDEBUG -DUSE_HAL_DRIVER -DSTM32F401xE -c -I../Core/Inc -I../Drivers/STM32F4xx_HAL_Driver/Inc -I../Drivers/STM32F4xx_HAL_Driver/Inc/Legacy -I../Drivers/CMSIS/Device/ST/STM32F4xx/Include -I../Drivers/CMSIS/Include -O0 -ffunction-sections -fdata-sections -Wall -fstack-usage -fcyclomatic-complexity -MMD -MP -MF"Core/Src/stm32f4xx_hal_msp.d" -MT"Core/Src/stm32f4xx_hal_msp.o" --specs=nano.specs -mfpu=fpv4-sp-d16 -mfloat-abi=hard -mthumb -o "Core/Src/stm32f4xx_hal_msp.o"
arm-none-eabi-gcc "../Core/Src/stm32f4xx_it.c" -mcpu=cortex-m4 -std=gnu11 -g3 -DDEBUG -DUSE_HAL_DRIVER -DSTM32F401xE -c -I../Core/Inc -I../Drivers/STM32F4xx_HAL_Driver/Inc -I../Drivers/STM32F4xx_HAL_Driver/Inc/Legacy -I../Drivers/CMSIS/Device/ST/STM32F4xx/Include -I../Drivers/CMSIS/Include -O0 -ffunction-sections -fdata-sections -Wall -fstack-usage -fcyclomatic-complexity -MMD -MP -MF"Core/Src/stm32f4xx_it.d" -MT"Core/Src/stm32f4xx_it.o" --specs=nano.specs -mfpu=fpv4-sp-d16 -mfloat-abi=hard -mthumb -o "Core/Src/stm32f4xx_it.o"
arm-none-eabi-gcc "../Core/Src/system_stm32f4xx.c" -mcpu=cortex-m4 -std=gnu11 -g3 -DDEBUG -DUSE_HAL_DRIVER -DSTM32F401xE -c -I../Core/Inc -I../Drivers/STM32F4xx_HAL_Driver/Inc -I../Drivers/STM32F4xx_HAL_Driver/Inc/Legacy -I../Drivers/CMSIS/Device/ST/STM32F4xx/Include -I../Drivers/CMSIS/Include -O0 -ffunction-sections -fdata-sections -Wall -fstack-usage -fcyclomatic-complexity -MMD -MP -MF"Core/Src/system_stm32f4xx.d" -MT"Core/Src/system_stm32f4xx.o" --specs=nano.specs -mfpu=fpv4-sp-d16 -mfloat-abi=hard -mthumb -o "Core/Src/system_stm32f4xx.o"
../Core/Src/main.c: In function 'main':
../Core/Src/main.c:100:3: warning: implicit declaration of function 'HAL_ADCEx_Calibration_Start' [-Wimplicit-function-declaration]
  100 |   HAL_ADCEx_Calibration_Start(&hadc1, ADC_SINGLE_ENDED);
      |   ^~~~~~~~~~~~~~~~~~~~~~~~~~~
../Core/Src/main.c:100:39: error: 'ADC_SINGLE_ENDED' undeclared (first use in this function)
  100 |   HAL_ADCEx_Calibration_Start(&hadc1, ADC_SINGLE_ENDED);
      |                                       ^~~~~~~~~~~~~~~~
../Core/Src/main.c:100:39: note: each undeclared identifier is reported only once for each function it appears in
../Core/Src/main.c: At top level:
../Core/Src/main.c:330:35: error: unknown type name 'DC_HandleTypeDef'; did you mean 'ADC_HandleTypeDef'?
  330 | void HAL_ADC_ConvHalfCpltCallback(DC_HandleTypeDef * hadc)
      |                                   ^~~~~~~~~~~~~~~~
      |                                   ADC_HandleTypeDef
../Core/Src/main.c:335:31: error: unknown type name 'DC_HandleTypeDef'; did you mean 'ADC_HandleTypeDef'?
  335 | void HAL_ADC_ConvCpltCallback(DC_HandleTypeDef * hadc)
      |                               ^~~~~~~~~~~~~~~~
      |                               ADC_HandleTypeDef
make: *** [Core/Src/subdir.mk:34: Core/Src/main.o] Error 1
make: *** Waiting for unfinished jobs....
"make -j12 all" terminated with exit code 2. Build might be incomplete.
23:02:39 **** Incremental Build of configuration Debug for project STM32_DFSDM_T1 ****
make -j12 all 
arm-none-eabi-size  STM32_DFSDM_T1.elf 
   text	   data	    bss	    dec	    hex	filename
  21856	     20	  44660	  66536	  103e8	STM32_DFSDM_T1.elf
Finished building: default.size.stdout
 
23:03:01 **** Incremental Build of configuration Debug for project STM32F401CDU6_PWM ****
make -j12 all 
arm-none-eabi-gcc "../Core/Src/main.c" -mcpu=cortex-m4 -std=gnu11 -g3 -DDEBUG -DUSE_HAL_DRIVER -DSTM32F401xE -c -I../Core/Inc -I../Drivers/STM32F4xx_HAL_Driver/Inc -I../Drivers/STM32F4xx_HAL_Driver/Inc/Legacy -I../Drivers/CMSIS/Device/ST/STM32F4xx/Include -I../Drivers/CMSIS/Include -O0 -ffunction-sections -fdata-sections -Wall -fstack-usage -fcyclomatic-complexity -MMD -MP -MF"Core/Src/main.d" -MT"Core/Src/main.o" --specs=nano.specs -mfpu=fpv4-sp-d16 -mfloat-abi=hard -mthumb -o "Core/Src/main.o"
../Core/Src/main.c: In function 'main':
../Core/Src/main.c:100:3: warning: implicit declaration of function 'HAL_ADCEx_Calibration_Start' [-Wimplicit-function-declaration]
  100 |   HAL_ADCEx_Calibration_Start(&hadc1, ADC_SINGLE_ENDED);
      |   ^~~~~~~~~~~~~~~~~~~~~~~~~~~
../Core/Src/main.c:100:39: error: 'ADC_SINGLE_ENDED' undeclared (first use in this function)
  100 |   HAL_ADCEx_Calibration_Start(&hadc1, ADC_SINGLE_ENDED);
      |                                       ^~~~~~~~~~~~~~~~
../Core/Src/main.c:100:39: note: each undeclared identifier is reported only once for each function it appears in
../Core/Src/main.c: At top level:
../Core/Src/main.c:330:35: error: unknown type name 'DC_HandleTypeDef'; did you mean 'ADC_HandleTypeDef'?
  330 | void HAL_ADC_ConvHalfCpltCallback(DC_HandleTypeDef * hadc)
      |                                   ^~~~~~~~~~~~~~~~
      |                                   ADC_HandleTypeDef
../Core/Src/main.c:335:31: error: unknown type name 'DC_HandleTypeDef'; did you mean 'ADC_HandleTypeDef'?
  335 | void HAL_ADC_ConvCpltCallback(DC_HandleTypeDef * hadc)
      |                               ^~~~~~~~~~~~~~~~
      |                               ADC_HandleTypeDef
make: *** [Core/Src/subdir.mk:34: Core/Src/main.o] Error 1
"make -j12 all" terminated with exit code 2. Build might be incomplete.
23:07:28 **** Incremental Build of configuration Debug for project STM32F401CDU6_PWM ****
make -j12 all 
arm-none-eabi-gcc "../Core/Src/main.c" -mcpu=cortex-m4 -std=gnu11 -g3 -DDEBUG -DUSE_HAL_DRIVER -DSTM32F401xE -c -I../Core/Inc -I../Drivers/STM32F4xx_HAL_Driver/Inc -I../Drivers/STM32F4xx_HAL_Driver/Inc/Legacy -I../Drivers/CMSIS/Device/ST/STM32F4xx/Include -I../Drivers/CMSIS/Include -O0 -ffunction-sections -fdata-sections -Wall -fstack-usage -fcyclomatic-complexity -MMD -MP -MF"Core/Src/main.d" -MT"Core/Src/main.o" --specs=nano.specs -mfpu=fpv4-sp-d16 -mfloat-abi=hard -mthumb -o "Core/Src/main.o"
../Core/Src/main.c:329:35: error: unknown type name 'DC_HandleTypeDef'; did you mean 'ADC_HandleTypeDef'?
  329 | void HAL_ADC_ConvHalfCpltCallback(DC_HandleTypeDef * hadc)
      |                                   ^~~~~~~~~~~~~~~~
      |                                   ADC_HandleTypeDef
../Core/Src/main.c:334:31: error: unknown type name 'DC_HandleTypeDef'; did you mean 'ADC_HandleTypeDef'?
  334 | void HAL_ADC_ConvCpltCallback(DC_HandleTypeDef * hadc)
      |                               ^~~~~~~~~~~~~~~~
      |                               ADC_HandleTypeDef
make: *** [Core/Src/subdir.mk:34: Core/Src/main.o] Error 1
"make -j12 all" terminated with exit code 2. Build might be incomplete.
23:07:59 **** Incremental Build of configuration Debug for project STM32F401CDU6_PWM ****
make -j12 all 
arm-none-eabi-gcc "../Core/Src/main.c" -mcpu=cortex-m4 -std=gnu11 -g3 -DDEBUG -DUSE_HAL_DRIVER -DSTM32F401xE -c -I../Core/Inc -I../Drivers/STM32F4xx_HAL_Driver/Inc -I../Drivers/STM32F4xx_HAL_Driver/Inc/Legacy -I../Drivers/CMSIS/Device/ST/STM32F4xx/Include -I../Drivers/CMSIS/Include -O0 -ffunction-sections -fdata-sections -Wall -fstack-usage -fcyclomatic-complexity -MMD -MP -MF"Core/Src/main.d" -MT"Core/Src/main.o" --specs=nano.specs -mfpu=fpv4-sp-d16 -mfloat-abi=hard -mthumb -o "Core/Src/main.o"
arm-none-eabi-gcc -o "STM32F401CDU6_PWM.elf" @"objects.list"   -mcpu=cortex-m4 -T"C:\Users\Siraj\STM32CubeIDE\workspace_1.14.0\STM32F401CDU6_PWM\STM32F401CDUX_FLASH.ld" --specs=nosys.specs -Wl,-Map="STM32F401CDU6_PWM.map" -Wl,--gc-sections -static --specs=nano.specs -mfpu=fpv4-sp-d16 -mfloat-abi=hard -mthumb -Wl,--start-group -lc -lm -Wl,--end-group
Finished building target: STM32F401CDU6_PWM.elf
 
arm-none-eabi-size  STM32F401CDU6_PWM.elf 
arm-none-eabi-objdump -h -S STM32F401CDU6_PWM.elf  > "STM32F401CDU6_PWM.list"
   text	   data	    bss	    dec	    hex	filename
  14016	     20	   5812	  19848	   4d88	STM32F401CDU6_PWM.elf
Finished building: default.size.stdout
 
Finished building: STM32F401CDU6_PWM.list
 
23:08:09 **** Incremental Build of configuration Debug for project STM32F401CDU6_PWM ****
make -j12 all 
arm-none-eabi-size  STM32F401CDU6_PWM.elf 
   text	   data	    bss	    dec	    hex	filename
  14016	     20	   5812	  19848	   4d88	STM32F401CDU6_PWM.elf
Finished building: default.size.stdout
 
23:09:24 **** Incremental Build of configuration Debug for project STM32F401CDU6_PWM ****
make -j12 all 
arm-none-eabi-size  STM32F401CDU6_PWM.elf 
   text	   data	    bss	    dec	    hex	filename
  14016	     20	   5812	  19848	   4d88	STM32F401CDU6_PWM.elf
Finished building: default.size.stdout
 
23:14:46 **** Incremental Build of configuration Debug for project STM32F401CDU6_PWM ****
make -j12 all 
arm-none-eabi-size  STM32F401CDU6_PWM.elf 
   text	   data	    bss	    dec	    hex	filename
  14016	     20	   5812	  19848	   4d88	STM32F401CDU6_PWM.elf
Finished building: default.size.stdout
 
23:15:41 **** Incremental Build of configuration Debug for project STM32F401CDU6_PWM ****
make -j12 all 
arm-none-eabi-gcc "../Core/Src/main.c" -mcpu=cortex-m4 -std=gnu11 -g3 -DDEBUG -DUSE_HAL_DRIVER -DSTM32F401xE -c -I../Core/Inc -I../Drivers/STM32F4xx_HAL_Driver/Inc -I../Drivers/STM32F4xx_HAL_Driver/Inc/Legacy -I../Drivers/CMSIS/Device/ST/STM32F4xx/Include -I../Drivers/CMSIS/Include -O0 -ffunction-sections -fdata-sections -Wall -fstack-usage -fcyclomatic-complexity -MMD -MP -MF"Core/Src/main.d" -MT"Core/Src/main.o" --specs=nano.specs -mfpu=fpv4-sp-d16 -mfloat-abi=hard -mthumb -o "Core/Src/main.o"
arm-none-eabi-gcc -o "STM32F401CDU6_PWM.elf" @"objects.list"   -mcpu=cortex-m4 -T"C:\Users\Siraj\STM32CubeIDE\workspace_1.14.0\STM32F401CDU6_PWM\STM32F401CDUX_FLASH.ld" --specs=nosys.specs -Wl,-Map="STM32F401CDU6_PWM.map" -Wl,--gc-sections -static --specs=nano.specs -mfpu=fpv4-sp-d16 -mfloat-abi=hard -mthumb -Wl,--start-group -lc -lm -Wl,--end-group
Finished building target: STM32F401CDU6_PWM.elf
 
arm-none-eabi-size  STM32F401CDU6_PWM.elf 
arm-none-eabi-objdump -h -S STM32F401CDU6_PWM.elf  > "STM32F401CDU6_PWM.list"
   text	   data	    bss	    dec	    hex	filename
  14016	     20	   5812	  19848	   4d88	STM32F401CDU6_PWM.elf
Finished building: default.size.stdout
 
Finished building: STM32F401CDU6_PWM.list
 
11:44:13 **** Build of configuration Debug for project STM32F401CDU6_PWM ****
make -j12 all 
arm-none-eabi-gcc "../Core/Src/main.c" -mcpu=cortex-m4 -std=gnu11 -g3 -DDEBUG -DUSE_HAL_DRIVER -DSTM32F401xE -c -I../Core/Inc -I../Drivers/STM32F4xx_HAL_Driver/Inc -I../Drivers/STM32F4xx_HAL_Driver/Inc/Legacy -I../Drivers/CMSIS/Device/ST/STM32F4xx/Include -I../Drivers/CMSIS/Include -O0 -ffunction-sections -fdata-sections -Wall -fstack-usage -fcyclomatic-complexity -MMD -MP -MF"Core/Src/main.d" -MT"Core/Src/main.o" --specs=nano.specs -mfpu=fpv4-sp-d16 -mfloat-abi=hard -mthumb -o "Core/Src/main.o"
arm-none-eabi-gcc -o "STM32F401CDU6_PWM.elf" @"objects.list"   -mcpu=cortex-m4 -T"C:\Users\Siraj\STM32CubeIDE\workspace_1.14.0\STM32F401CDU6_PWM\STM32F401CDUX_FLASH.ld" --specs=nosys.specs -Wl,-Map="STM32F401CDU6_PWM.map" -Wl,--gc-sections -static --specs=nano.specs -mfpu=fpv4-sp-d16 -mfloat-abi=hard -mthumb -Wl,--start-group -lc -lm -Wl,--end-group
Finished building target: STM32F401CDU6_PWM.elf
 
arm-none-eabi-size  STM32F401CDU6_PWM.elf 
arm-none-eabi-objdump -h -S STM32F401CDU6_PWM.elf  > "STM32F401CDU6_PWM.list"
   text	   data	    bss	    dec	    hex	filename
  14048	     20	  14500	  28568	   6f98	STM32F401CDU6_PWM.elf
Finished building: default.size.stdout
 
Finished building: STM32F401CDU6_PWM.list
 
11:44:14 **** Build of configuration Debug for project STM32_DFSDM_T1 ****
make -j12 all 
arm-none-eabi-size  STM32_DFSDM_T1.elf 
   text	   data	    bss	    dec	    hex	filename
  21856	     20	  44660	  66536	  103e8	STM32_DFSDM_T1.elf
Finished building: default.size.stdout
 
11:44:17 **** Incremental Build of configuration Debug for project STM32F401CDU6_PWM ****
make -j12 all 
arm-none-eabi-size  STM32F401CDU6_PWM.elf 
   text	   data	    bss	    dec	    hex	filename
  14048	     20	  14500	  28568	   6f98	STM32F401CDU6_PWM.elf
Finished building: default.size.stdout
 
11:45:21 **** Incremental Build of configuration Debug for project STM32F401CDU6_PWM ****
make -j12 all 
arm-none-eabi-gcc "../Core/Src/main.c" -mcpu=cortex-m4 -std=gnu11 -g3 -DDEBUG -DUSE_HAL_DRIVER -DSTM32F401xE -c -I../Core/Inc -I../Drivers/STM32F4xx_HAL_Driver/Inc -I../Drivers/STM32F4xx_HAL_Driver/Inc/Legacy -I../Drivers/CMSIS/Device/ST/STM32F4xx/Include -I../Drivers/CMSIS/Include -O0 -ffunction-sections -fdata-sections -Wall -fstack-usage -fcyclomatic-complexity -MMD -MP -MF"Core/Src/main.d" -MT"Core/Src/main.o" --specs=nano.specs -mfpu=fpv4-sp-d16 -mfloat-abi=hard -mthumb -o "Core/Src/main.o"
arm-none-eabi-gcc -o "STM32F401CDU6_PWM.elf" @"objects.list"   -mcpu=cortex-m4 -T"C:\Users\Siraj\STM32CubeIDE\workspace_1.14.0\STM32F401CDU6_PWM\STM32F401CDUX_FLASH.ld" --specs=nosys.specs -Wl,-Map="STM32F401CDU6_PWM.map" -Wl,--gc-sections -static --specs=nano.specs -mfpu=fpv4-sp-d16 -mfloat-abi=hard -mthumb -Wl,--start-group -lc -lm -Wl,--end-group
C:/ST/STM32CubeIDE_1.14.0/STM32CubeIDE/plugins/com.st.stm32cube.ide.mcu.externaltools.gnu-tools-for-stm32.11.3.rel1.win32_1.1.100.202309141235/tools/bin/../lib/gcc/arm-none-eabi/11.3.1/../../../../arm-none-eabi/bin/ld.exe: STM32F401CDU6_PWM.elf section `.bss' will not fit in region `RAM'
C:/ST/STM32CubeIDE_1.14.0/STM32CubeIDE/plugins/com.st.stm32cube.ide.mcu.externaltools.gnu-tools-for-stm32.11.3.rel1.win32_1.1.100.202309141235/tools/bin/../lib/gcc/arm-none-eabi/11.3.1/../../../../arm-none-eabi/bin/ld.exe: region `RAM' overflowed by 537920 bytes
collect2.exe: error: ld returned 1 exit status
make: *** [makefile:64: STM32F401CDU6_PWM.elf] Error 1
"make -j12 all" terminated with exit code 2. Build might be incomplete.
11:45:29 **** Incremental Build of configuration Debug for project STM32F401CDU6_PWM ****
make -j12 all 
arm-none-eabi-gcc -o "STM32F401CDU6_PWM.elf" @"objects.list"   -mcpu=cortex-m4 -T"C:\Users\Siraj\STM32CubeIDE\workspace_1.14.0\STM32F401CDU6_PWM\STM32F401CDUX_FLASH.ld" --specs=nosys.specs -Wl,-Map="STM32F401CDU6_PWM.map" -Wl,--gc-sections -static --specs=nano.specs -mfpu=fpv4-sp-d16 -mfloat-abi=hard -mthumb -Wl,--start-group -lc -lm -Wl,--end-group
C:/ST/STM32CubeIDE_1.14.0/STM32CubeIDE/plugins/com.st.stm32cube.ide.mcu.externaltools.gnu-tools-for-stm32.11.3.rel1.win32_1.1.100.202309141235/tools/bin/../lib/gcc/arm-none-eabi/11.3.1/../../../../arm-none-eabi/bin/ld.exe: STM32F401CDU6_PWM.elf section `.bss' will not fit in region `RAM'
C:/ST/STM32CubeIDE_1.14.0/STM32CubeIDE/plugins/com.st.stm32cube.ide.mcu.externaltools.gnu-tools-for-stm32.11.3.rel1.win32_1.1.100.202309141235/tools/bin/../lib/gcc/arm-none-eabi/11.3.1/../../../../arm-none-eabi/bin/ld.exe: region `RAM' overflowed by 537920 bytes
collect2.exe: error: ld returned 1 exit status
make: *** [makefile:64: STM32F401CDU6_PWM.elf] Error 1
"make -j12 all" terminated with exit code 2. Build might be incomplete.
11:46:59 **** Incremental Build of configuration Debug for project STM32F401CDU6_PWM ****
make -j12 all 
arm-none-eabi-gcc "../Core/Src/main.c" -mcpu=cortex-m4 -std=gnu11 -g3 -DDEBUG -DUSE_HAL_DRIVER -DSTM32F401xE -c -I../Core/Inc -I../Drivers/STM32F4xx_HAL_Driver/Inc -I../Drivers/STM32F4xx_HAL_Driver/Inc/Legacy -I../Drivers/CMSIS/Device/ST/STM32F4xx/Include -I../Drivers/CMSIS/Include -O0 -ffunction-sections -fdata-sections -Wall -fstack-usage -fcyclomatic-complexity -MMD -MP -MF"Core/Src/main.d" -MT"Core/Src/main.o" --specs=nano.specs -mfpu=fpv4-sp-d16 -mfloat-abi=hard -mthumb -o "Core/Src/main.o"
arm-none-eabi-gcc -o "STM32F401CDU6_PWM.elf" @"objects.list"   -mcpu=cortex-m4 -T"C:\Users\Siraj\STM32CubeIDE\workspace_1.14.0\STM32F401CDU6_PWM\STM32F401CDUX_FLASH.ld" --specs=nosys.specs -Wl,-Map="STM32F401CDU6_PWM.map" -Wl,--gc-sections -static --specs=nano.specs -mfpu=fpv4-sp-d16 -mfloat-abi=hard -mthumb -Wl,--start-group -lc -lm -Wl,--end-group
C:/ST/STM32CubeIDE_1.14.0/STM32CubeIDE/plugins/com.st.stm32cube.ide.mcu.externaltools.gnu-tools-for-stm32.11.3.rel1.win32_1.1.100.202309141235/tools/bin/../lib/gcc/arm-none-eabi/11.3.1/../../../../arm-none-eabi/bin/ld.exe: STM32F401CDU6_PWM.elf section `.bss' will not fit in region `RAM'
C:/ST/STM32CubeIDE_1.14.0/STM32CubeIDE/plugins/com.st.stm32cube.ide.mcu.externaltools.gnu-tools-for-stm32.11.3.rel1.win32_1.1.100.202309141235/tools/bin/../lib/gcc/arm-none-eabi/11.3.1/../../../../arm-none-eabi/bin/ld.exe: region `RAM' overflowed by 220720 bytes
collect2.exe: error: ld returned 1 exit status
make: *** [makefile:64: STM32F401CDU6_PWM.elf] Error 1
"make -j12 all" terminated with exit code 2. Build might be incomplete.
11:47:08 **** Incremental Build of configuration Debug for project STM32F401CDU6_PWM ****
make -j12 all 
arm-none-eabi-gcc "../Core/Src/main.c" -mcpu=cortex-m4 -std=gnu11 -g3 -DDEBUG -DUSE_HAL_DRIVER -DSTM32F401xE -c -I../Core/Inc -I../Drivers/STM32F4xx_HAL_Driver/Inc -I../Drivers/STM32F4xx_HAL_Driver/Inc/Legacy -I../Drivers/CMSIS/Device/ST/STM32F4xx/Include -I../Drivers/CMSIS/Include -O0 -ffunction-sections -fdata-sections -Wall -fstack-usage -fcyclomatic-complexity -MMD -MP -MF"Core/Src/main.d" -MT"Core/Src/main.o" --specs=nano.specs -mfpu=fpv4-sp-d16 -mfloat-abi=hard -mthumb -o "Core/Src/main.o"
arm-none-eabi-gcc -o "STM32F401CDU6_PWM.elf" @"objects.list"   -mcpu=cortex-m4 -T"C:\Users\Siraj\STM32CubeIDE\workspace_1.14.0\STM32F401CDU6_PWM\STM32F401CDUX_FLASH.ld" --specs=nosys.specs -Wl,-Map="STM32F401CDU6_PWM.map" -Wl,--gc-sections -static --specs=nano.specs -mfpu=fpv4-sp-d16 -mfloat-abi=hard -mthumb -Wl,--start-group -lc -lm -Wl,--end-group
C:/ST/STM32CubeIDE_1.14.0/STM32CubeIDE/plugins/com.st.stm32cube.ide.mcu.externaltools.gnu-tools-for-stm32.11.3.rel1.win32_1.1.100.202309141235/tools/bin/../lib/gcc/arm-none-eabi/11.3.1/../../../../arm-none-eabi/bin/ld.exe: STM32F401CDU6_PWM.elf section `.bss' will not fit in region `RAM'
C:/ST/STM32CubeIDE_1.14.0/STM32CubeIDE/plugins/com.st.stm32cube.ide.mcu.externaltools.gnu-tools-for-stm32.11.3.rel1.win32_1.1.100.202309141235/tools/bin/../lib/gcc/arm-none-eabi/11.3.1/../../../../arm-none-eabi/bin/ld.exe: region `RAM' overflowed by 30400 bytes
collect2.exe: error: ld returned 1 exit status
make: *** [makefile:64: STM32F401CDU6_PWM.elf] Error 1
"make -j12 all" terminated with exit code 2. Build might be incomplete.
11:47:21 **** Incremental Build of configuration Debug for project STM32F401CDU6_PWM ****
make -j12 all 
arm-none-eabi-gcc "../Core/Src/main.c" -mcpu=cortex-m4 -std=gnu11 -g3 -DDEBUG -DUSE_HAL_DRIVER -DSTM32F401xE -c -I../Core/Inc -I../Drivers/STM32F4xx_HAL_Driver/Inc -I../Drivers/STM32F4xx_HAL_Driver/Inc/Legacy -I../Drivers/CMSIS/Device/ST/STM32F4xx/Include -I../Drivers/CMSIS/Include -O0 -ffunction-sections -fdata-sections -Wall -fstack-usage -fcyclomatic-complexity -MMD -MP -MF"Core/Src/main.d" -MT"Core/Src/main.o" --specs=nano.specs -mfpu=fpv4-sp-d16 -mfloat-abi=hard -mthumb -o "Core/Src/main.o"
arm-none-eabi-gcc -o "STM32F401CDU6_PWM.elf" @"objects.list"   -mcpu=cortex-m4 -T"C:\Users\Siraj\STM32CubeIDE\workspace_1.14.0\STM32F401CDU6_PWM\STM32F401CDUX_FLASH.ld" --specs=nosys.specs -Wl,-Map="STM32F401CDU6_PWM.map" -Wl,--gc-sections -static --specs=nano.specs -mfpu=fpv4-sp-d16 -mfloat-abi=hard -mthumb -Wl,--start-group -lc -lm -Wl,--end-group
Finished building target: STM32F401CDU6_PWM.elf
 
arm-none-eabi-size  STM32F401CDU6_PWM.elf 
arm-none-eabi-objdump -h -S STM32F401CDU6_PWM.elf  > "STM32F401CDU6_PWM.list"
   text	   data	    bss	    dec	    hex	filename
  14048	     20	  65252	  79320	  135d8	STM32F401CDU6_PWM.elf
Finished building: default.size.stdout
 
Finished building: STM32F401CDU6_PWM.list
 
11:48:27 **** Incremental Build of configuration Debug for project STM32F401CDU6_PWM ****
make -j12 all 
arm-none-eabi-gcc "../Core/Src/main.c" -mcpu=cortex-m4 -std=gnu11 -g3 -DDEBUG -DUSE_HAL_DRIVER -DSTM32F401xE -c -I../Core/Inc -I../Drivers/STM32F4xx_HAL_Driver/Inc -I../Drivers/STM32F4xx_HAL_Driver/Inc/Legacy -I../Drivers/CMSIS/Device/ST/STM32F4xx/Include -I../Drivers/CMSIS/Include -O0 -ffunction-sections -fdata-sections -Wall -fstack-usage -fcyclomatic-complexity -MMD -MP -MF"Core/Src/main.d" -MT"Core/Src/main.o" --specs=nano.specs -mfpu=fpv4-sp-d16 -mfloat-abi=hard -mthumb -o "Core/Src/main.o"
arm-none-eabi-gcc -o "STM32F401CDU6_PWM.elf" @"objects.list"   -mcpu=cortex-m4 -T"C:\Users\Siraj\STM32CubeIDE\workspace_1.14.0\STM32F401CDU6_PWM\STM32F401CDUX_FLASH.ld" --specs=nosys.specs -Wl,-Map="STM32F401CDU6_PWM.map" -Wl,--gc-sections -static --specs=nano.specs -mfpu=fpv4-sp-d16 -mfloat-abi=hard -mthumb -Wl,--start-group -lc -lm -Wl,--end-group
Finished building target: STM32F401CDU6_PWM.elf
 
arm-none-eabi-size  STM32F401CDU6_PWM.elf 
arm-none-eabi-objdump -h -S STM32F401CDU6_PWM.elf  > "STM32F401CDU6_PWM.list"
   text	   data	    bss	    dec	    hex	filename
  14048	     20	  65252	  79320	  135d8	STM32F401CDU6_PWM.elf
Finished building: default.size.stdout
 
Finished building: STM32F401CDU6_PWM.list
 
13:50:24 **** Build of configuration Debug for project STM32F103C8T6_PWM ****
make -j12 all 
arm-none-eabi-gcc "../Drivers/STM32F1xx_HAL_Driver/Src/stm32f1xx_hal.c" -mcpu=cortex-m3 -std=gnu11 -g3 -DDEBUG -DUSE_HAL_DRIVER -DSTM32F103xB -c -I../Core/Inc -I../Drivers/STM32F1xx_HAL_Driver/Inc/Legacy -I../Drivers/STM32F1xx_HAL_Driver/Inc -I../Drivers/CMSIS/Device/ST/STM32F1xx/Include -I../Drivers/CMSIS/Include -O0 -ffunction-sections -fdata-sections -Wall -fstack-usage -fcyclomatic-complexity -MMD -MP -MF"Drivers/STM32F1xx_HAL_Driver/Src/stm32f1xx_hal.d" -MT"Drivers/STM32F1xx_HAL_Driver/Src/stm32f1xx_hal.o" --specs=nano.specs -mfloat-abi=soft -mthumb -o "Drivers/STM32F1xx_HAL_Driver/Src/stm32f1xx_hal.o"
arm-none-eabi-gcc "../Drivers/STM32F1xx_HAL_Driver/Src/stm32f1xx_hal_cortex.c" -mcpu=cortex-m3 -std=gnu11 -g3 -DDEBUG -DUSE_HAL_DRIVER -DSTM32F103xB -c -I../Core/Inc -I../Drivers/STM32F1xx_HAL_Driver/Inc/Legacy -I../Drivers/STM32F1xx_HAL_Driver/Inc -I../Drivers/CMSIS/Device/ST/STM32F1xx/Include -I../Drivers/CMSIS/Include -O0 -ffunction-sections -fdata-sections -Wall -fstack-usage -fcyclomatic-complexity -MMD -MP -MF"Drivers/STM32F1xx_HAL_Driver/Src/stm32f1xx_hal_cortex.d" -MT"Drivers/STM32F1xx_HAL_Driver/Src/stm32f1xx_hal_cortex.o" --specs=nano.specs -mfloat-abi=soft -mthumb -o "Drivers/STM32F1xx_HAL_Driver/Src/stm32f1xx_hal_cortex.o"
arm-none-eabi-gcc "../Drivers/STM32F1xx_HAL_Driver/Src/stm32f1xx_hal_dma.c" -mcpu=cortex-m3 -std=gnu11 -g3 -DDEBUG -DUSE_HAL_DRIVER -DSTM32F103xB -c -I../Core/Inc -I../Drivers/STM32F1xx_HAL_Driver/Inc/Legacy -I../Drivers/STM32F1xx_HAL_Driver/Inc -I../Drivers/CMSIS/Device/ST/STM32F1xx/Include -I../Drivers/CMSIS/Include -O0 -ffunction-sections -fdata-sections -Wall -fstack-usage -fcyclomatic-complexity -MMD -MP -MF"Drivers/STM32F1xx_HAL_Driver/Src/stm32f1xx_hal_dma.d" -MT"Drivers/STM32F1xx_HAL_Driver/Src/stm32f1xx_hal_dma.o" --specs=nano.specs -mfloat-abi=soft -mthumb -o "Drivers/STM32F1xx_HAL_Driver/Src/stm32f1xx_hal_dma.o"
arm-none-eabi-gcc "../Drivers/STM32F1xx_HAL_Driver/Src/stm32f1xx_hal_exti.c" -mcpu=cortex-m3 -std=gnu11 -g3 -DDEBUG -DUSE_HAL_DRIVER -DSTM32F103xB -c -I../Core/Inc -I../Drivers/STM32F1xx_HAL_Driver/Inc/Legacy -I../Drivers/STM32F1xx_HAL_Driver/Inc -I../Drivers/CMSIS/Device/ST/STM32F1xx/Include -I../Drivers/CMSIS/Include -O0 -ffunction-sections -fdata-sections -Wall -fstack-usage -fcyclomatic-complexity -MMD -MP -MF"Drivers/STM32F1xx_HAL_Driver/Src/stm32f1xx_hal_exti.d" -MT"Drivers/STM32F1xx_HAL_Driver/Src/stm32f1xx_hal_exti.o" --specs=nano.specs -mfloat-abi=soft -mthumb -o "Drivers/STM32F1xx_HAL_Driver/Src/stm32f1xx_hal_exti.o"
arm-none-eabi-gcc "../Drivers/STM32F1xx_HAL_Driver/Src/stm32f1xx_hal_flash.c" -mcpu=cortex-m3 -std=gnu11 -g3 -DDEBUG -DUSE_HAL_DRIVER -DSTM32F103xB -c -I../Core/Inc -I../Drivers/STM32F1xx_HAL_Driver/Inc/Legacy -I../Drivers/STM32F1xx_HAL_Driver/Inc -I../Drivers/CMSIS/Device/ST/STM32F1xx/Include -I../Drivers/CMSIS/Include -O0 -ffunction-sections -fdata-sections -Wall -fstack-usage -fcyclomatic-complexity -MMD -MP -MF"Drivers/STM32F1xx_HAL_Driver/Src/stm32f1xx_hal_flash.d" -MT"Drivers/STM32F1xx_HAL_Driver/Src/stm32f1xx_hal_flash.o" --specs=nano.specs -mfloat-abi=soft -mthumb -o "Drivers/STM32F1xx_HAL_Driver/Src/stm32f1xx_hal_flash.o"
arm-none-eabi-gcc "../Drivers/STM32F1xx_HAL_Driver/Src/stm32f1xx_hal_flash_ex.c" -mcpu=cortex-m3 -std=gnu11 -g3 -DDEBUG -DUSE_HAL_DRIVER -DSTM32F103xB -c -I../Core/Inc -I../Drivers/STM32F1xx_HAL_Driver/Inc/Legacy -I../Drivers/STM32F1xx_HAL_Driver/Inc -I../Drivers/CMSIS/Device/ST/STM32F1xx/Include -I../Drivers/CMSIS/Include -O0 -ffunction-sections -fdata-sections -Wall -fstack-usage -fcyclomatic-complexity -MMD -MP -MF"Drivers/STM32F1xx_HAL_Driver/Src/stm32f1xx_hal_flash_ex.d" -MT"Drivers/STM32F1xx_HAL_Driver/Src/stm32f1xx_hal_flash_ex.o" --specs=nano.specs -mfloat-abi=soft -mthumb -o "Drivers/STM32F1xx_HAL_Driver/Src/stm32f1xx_hal_flash_ex.o"
arm-none-eabi-gcc "../Drivers/STM32F1xx_HAL_Driver/Src/stm32f1xx_hal_gpio.c" -mcpu=cortex-m3 -std=gnu11 -g3 -DDEBUG -DUSE_HAL_DRIVER -DSTM32F103xB -c -I../Core/Inc -I../Drivers/STM32F1xx_HAL_Driver/Inc/Legacy -I../Drivers/STM32F1xx_HAL_Driver/Inc -I../Drivers/CMSIS/Device/ST/STM32F1xx/Include -I../Drivers/CMSIS/Include -O0 -ffunction-sections -fdata-sections -Wall -fstack-usage -fcyclomatic-complexity -MMD -MP -MF"Drivers/STM32F1xx_HAL_Driver/Src/stm32f1xx_hal_gpio.d" -MT"Drivers/STM32F1xx_HAL_Driver/Src/stm32f1xx_hal_gpio.o" --specs=nano.specs -mfloat-abi=soft -mthumb -o "Drivers/STM32F1xx_HAL_Driver/Src/stm32f1xx_hal_gpio.o"
arm-none-eabi-gcc "../Drivers/STM32F1xx_HAL_Driver/Src/stm32f1xx_hal_gpio_ex.c" -mcpu=cortex-m3 -std=gnu11 -g3 -DDEBUG -DUSE_HAL_DRIVER -DSTM32F103xB -c -I../Core/Inc -I../Drivers/STM32F1xx_HAL_Driver/Inc/Legacy -I../Drivers/STM32F1xx_HAL_Driver/Inc -I../Drivers/CMSIS/Device/ST/STM32F1xx/Include -I../Drivers/CMSIS/Include -O0 -ffunction-sections -fdata-sections -Wall -fstack-usage -fcyclomatic-complexity -MMD -MP -MF"Drivers/STM32F1xx_HAL_Driver/Src/stm32f1xx_hal_gpio_ex.d" -MT"Drivers/STM32F1xx_HAL_Driver/Src/stm32f1xx_hal_gpio_ex.o" --specs=nano.specs -mfloat-abi=soft -mthumb -o "Drivers/STM32F1xx_HAL_Driver/Src/stm32f1xx_hal_gpio_ex.o"
arm-none-eabi-gcc "../Drivers/STM32F1xx_HAL_Driver/Src/stm32f1xx_hal_pwr.c" -mcpu=cortex-m3 -std=gnu11 -g3 -DDEBUG -DUSE_HAL_DRIVER -DSTM32F103xB -c -I../Core/Inc -I../Drivers/STM32F1xx_HAL_Driver/Inc/Legacy -I../Drivers/STM32F1xx_HAL_Driver/Inc -I../Drivers/CMSIS/Device/ST/STM32F1xx/Include -I../Drivers/CMSIS/Include -O0 -ffunction-sections -fdata-sections -Wall -fstack-usage -fcyclomatic-complexity -MMD -MP -MF"Drivers/STM32F1xx_HAL_Driver/Src/stm32f1xx_hal_pwr.d" -MT"Drivers/STM32F1xx_HAL_Driver/Src/stm32f1xx_hal_pwr.o" --specs=nano.specs -mfloat-abi=soft -mthumb -o "Drivers/STM32F1xx_HAL_Driver/Src/stm32f1xx_hal_pwr.o"
arm-none-eabi-gcc "../Drivers/STM32F1xx_HAL_Driver/Src/stm32f1xx_hal_rcc.c" -mcpu=cortex-m3 -std=gnu11 -g3 -DDEBUG -DUSE_HAL_DRIVER -DSTM32F103xB -c -I../Core/Inc -I../Drivers/STM32F1xx_HAL_Driver/Inc/Legacy -I../Drivers/STM32F1xx_HAL_Driver/Inc -I../Drivers/CMSIS/Device/ST/STM32F1xx/Include -I../Drivers/CMSIS/Include -O0 -ffunction-sections -fdata-sections -Wall -fstack-usage -fcyclomatic-complexity -MMD -MP -MF"Drivers/STM32F1xx_HAL_Driver/Src/stm32f1xx_hal_rcc.d" -MT"Drivers/STM32F1xx_HAL_Driver/Src/stm32f1xx_hal_rcc.o" --specs=nano.specs -mfloat-abi=soft -mthumb -o "Drivers/STM32F1xx_HAL_Driver/Src/stm32f1xx_hal_rcc.o"
arm-none-eabi-gcc "../Drivers/STM32F1xx_HAL_Driver/Src/stm32f1xx_hal_rcc_ex.c" -mcpu=cortex-m3 -std=gnu11 -g3 -DDEBUG -DUSE_HAL_DRIVER -DSTM32F103xB -c -I../Core/Inc -I../Drivers/STM32F1xx_HAL_Driver/Inc/Legacy -I../Drivers/STM32F1xx_HAL_Driver/Inc -I../Drivers/CMSIS/Device/ST/STM32F1xx/Include -I../Drivers/CMSIS/Include -O0 -ffunction-sections -fdata-sections -Wall -fstack-usage -fcyclomatic-complexity -MMD -MP -MF"Drivers/STM32F1xx_HAL_Driver/Src/stm32f1xx_hal_rcc_ex.d" -MT"Drivers/STM32F1xx_HAL_Driver/Src/stm32f1xx_hal_rcc_ex.o" --specs=nano.specs -mfloat-abi=soft -mthumb -o "Drivers/STM32F1xx_HAL_Driver/Src/stm32f1xx_hal_rcc_ex.o"
arm-none-eabi-gcc "../Drivers/STM32F1xx_HAL_Driver/Src/stm32f1xx_hal_tim.c" -mcpu=cortex-m3 -std=gnu11 -g3 -DDEBUG -DUSE_HAL_DRIVER -DSTM32F103xB -c -I../Core/Inc -I../Drivers/STM32F1xx_HAL_Driver/Inc/Legacy -I../Drivers/STM32F1xx_HAL_Driver/Inc -I../Drivers/CMSIS/Device/ST/STM32F1xx/Include -I../Drivers/CMSIS/Include -O0 -ffunction-sections -fdata-sections -Wall -fstack-usage -fcyclomatic-complexity -MMD -MP -MF"Drivers/STM32F1xx_HAL_Driver/Src/stm32f1xx_hal_tim.d" -MT"Drivers/STM32F1xx_HAL_Driver/Src/stm32f1xx_hal_tim.o" --specs=nano.specs -mfloat-abi=soft -mthumb -o "Drivers/STM32F1xx_HAL_Driver/Src/stm32f1xx_hal_tim.o"
arm-none-eabi-gcc "../Drivers/STM32F1xx_HAL_Driver/Src/stm32f1xx_hal_tim_ex.c" -mcpu=cortex-m3 -std=gnu11 -g3 -DDEBUG -DUSE_HAL_DRIVER -DSTM32F103xB -c -I../Core/Inc -I../Drivers/STM32F1xx_HAL_Driver/Inc/Legacy -I../Drivers/STM32F1xx_HAL_Driver/Inc -I../Drivers/CMSIS/Device/ST/STM32F1xx/Include -I../Drivers/CMSIS/Include -O0 -ffunction-sections -fdata-sections -Wall -fstack-usage -fcyclomatic-complexity -MMD -MP -MF"Drivers/STM32F1xx_HAL_Driver/Src/stm32f1xx_hal_tim_ex.d" -MT"Drivers/STM32F1xx_HAL_Driver/Src/stm32f1xx_hal_tim_ex.o" --specs=nano.specs -mfloat-abi=soft -mthumb -o "Drivers/STM32F1xx_HAL_Driver/Src/stm32f1xx_hal_tim_ex.o"
arm-none-eabi-gcc -mcpu=cortex-m3 -g3 -DDEBUG -c -x assembler-with-cpp -MMD -MP -MF"Core/Startup/startup_stm32f103c8tx.d" -MT"Core/Startup/startup_stm32f103c8tx.o" --specs=nano.specs -mfloat-abi=soft -mthumb -o "Core/Startup/startup_stm32f103c8tx.o" "../Core/Startup/startup_stm32f103c8tx.s"
arm-none-eabi-gcc "../Core/Src/main.c" -mcpu=cortex-m3 -std=gnu11 -g3 -DDEBUG -DUSE_HAL_DRIVER -DSTM32F103xB -c -I../Core/Inc -I../Drivers/STM32F1xx_HAL_Driver/Inc/Legacy -I../Drivers/STM32F1xx_HAL_Driver/Inc -I../Drivers/CMSIS/Device/ST/STM32F1xx/Include -I../Drivers/CMSIS/Include -O0 -ffunction-sections -fdata-sections -Wall -fstack-usage -fcyclomatic-complexity -MMD -MP -MF"Core/Src/main.d" -MT"Core/Src/main.o" --specs=nano.specs -mfloat-abi=soft -mthumb -o "Core/Src/main.o"
arm-none-eabi-gcc "../Core/Src/stm32f1xx_hal_msp.c" -mcpu=cortex-m3 -std=gnu11 -g3 -DDEBUG -DUSE_HAL_DRIVER -DSTM32F103xB -c -I../Core/Inc -I../Drivers/STM32F1xx_HAL_Driver/Inc/Legacy -I../Drivers/STM32F1xx_HAL_Driver/Inc -I../Drivers/CMSIS/Device/ST/STM32F1xx/Include -I../Drivers/CMSIS/Include -O0 -ffunction-sections -fdata-sections -Wall -fstack-usage -fcyclomatic-complexity -MMD -MP -MF"Core/Src/stm32f1xx_hal_msp.d" -MT"Core/Src/stm32f1xx_hal_msp.o" --specs=nano.specs -mfloat-abi=soft -mthumb -o "Core/Src/stm32f1xx_hal_msp.o"
arm-none-eabi-gcc "../Core/Src/stm32f1xx_it.c" -mcpu=cortex-m3 -std=gnu11 -g3 -DDEBUG -DUSE_HAL_DRIVER -DSTM32F103xB -c -I../Core/Inc -I../Drivers/STM32F1xx_HAL_Driver/Inc/Legacy -I../Drivers/STM32F1xx_HAL_Driver/Inc -I../Drivers/CMSIS/Device/ST/STM32F1xx/Include -I../Drivers/CMSIS/Include -O0 -ffunction-sections -fdata-sections -Wall -fstack-usage -fcyclomatic-complexity -MMD -MP -MF"Core/Src/stm32f1xx_it.d" -MT"Core/Src/stm32f1xx_it.o" --specs=nano.specs -mfloat-abi=soft -mthumb -o "Core/Src/stm32f1xx_it.o"
arm-none-eabi-gcc "../Core/Src/syscalls.c" -mcpu=cortex-m3 -std=gnu11 -g3 -DDEBUG -DUSE_HAL_DRIVER -DSTM32F103xB -c -I../Core/Inc -I../Drivers/STM32F1xx_HAL_Driver/Inc/Legacy -I../Drivers/STM32F1xx_HAL_Driver/Inc -I../Drivers/CMSIS/Device/ST/STM32F1xx/Include -I../Drivers/CMSIS/Include -O0 -ffunction-sections -fdata-sections -Wall -fstack-usage -fcyclomatic-complexity -MMD -MP -MF"Core/Src/syscalls.d" -MT"Core/Src/syscalls.o" --specs=nano.specs -mfloat-abi=soft -mthumb -o "Core/Src/syscalls.o"
arm-none-eabi-gcc "../Core/Src/sysmem.c" -mcpu=cortex-m3 -std=gnu11 -g3 -DDEBUG -DUSE_HAL_DRIVER -DSTM32F103xB -c -I../Core/Inc -I../Drivers/STM32F1xx_HAL_Driver/Inc/Legacy -I../Drivers/STM32F1xx_HAL_Driver/Inc -I../Drivers/CMSIS/Device/ST/STM32F1xx/Include -I../Drivers/CMSIS/Include -O0 -ffunction-sections -fdata-sections -Wall -fstack-usage -fcyclomatic-complexity -MMD -MP -MF"Core/Src/sysmem.d" -MT"Core/Src/sysmem.o" --specs=nano.specs -mfloat-abi=soft -mthumb -o "Core/Src/sysmem.o"
arm-none-eabi-gcc "../Core/Src/system_stm32f1xx.c" -mcpu=cortex-m3 -std=gnu11 -g3 -DDEBUG -DUSE_HAL_DRIVER -DSTM32F103xB -c -I../Core/Inc -I../Drivers/STM32F1xx_HAL_Driver/Inc/Legacy -I../Drivers/STM32F1xx_HAL_Driver/Inc -I../Drivers/CMSIS/Device/ST/STM32F1xx/Include -I../Drivers/CMSIS/Include -O0 -ffunction-sections -fdata-sections -Wall -fstack-usage -fcyclomatic-complexity -MMD -MP -MF"Core/Src/system_stm32f1xx.d" -MT"Core/Src/system_stm32f1xx.o" --specs=nano.specs -mfloat-abi=soft -mthumb -o "Core/Src/system_stm32f1xx.o"
arm-none-eabi-gcc -o "STM32F103C8T6_PWM.elf" @"objects.list"   -mcpu=cortex-m3 -T"C:\Users\Siraj\STM32CubeIDE\workspace_1.14.0\STM32F103C8T6_PWM\STM32F103C8TX_FLASH.ld" --specs=nosys.specs -Wl,-Map="STM32F103C8T6_PWM.map" -Wl,--gc-sections -static --specs=nano.specs -mfloat-abi=soft -mthumb -Wl,--start-group -lc -lm -Wl,--end-group
Finished building target: STM32F103C8T6_PWM.elf
 
arm-none-eabi-size  STM32F103C8T6_PWM.elf 
arm-none-eabi-objdump -h -S STM32F103C8T6_PWM.elf  > "STM32F103C8T6_PWM.list"
   text	   data	    bss	    dec	    hex	filename
   8204	     20	   1644	   9868	   268c	STM32F103C8T6_PWM.elf
Finished building: default.size.stdout
 
Finished building: STM32F103C8T6_PWM.list
 
13:50:50 **** Incremental Build of configuration Debug for project STM32F103C8T6_PWM ****
make -j12 all 
arm-none-eabi-size  STM32F103C8T6_PWM.elf 
   text	   data	    bss	    dec	    hex	filename
   8204	     20	   1644	   9868	   268c	STM32F103C8T6_PWM.elf
Finished building: default.size.stdout
 
13:50:57 **** Incremental Build of configuration Debug for project STM32F103C8T6_PWM ****
make -j12 all 
arm-none-eabi-size  STM32F103C8T6_PWM.elf 
   text	   data	    bss	    dec	    hex	filename
   8204	     20	   1644	   9868	   268c	STM32F103C8T6_PWM.elf
Finished building: default.size.stdout
 
13:51:18 **** Incremental Build of configuration Debug for project STM32F103C8T6_PWM ****
make -j12 all 
arm-none-eabi-size  STM32F103C8T6_PWM.elf 
   text	   data	    bss	    dec	    hex	filename
   8204	     20	   1644	   9868	   268c	STM32F103C8T6_PWM.elf
Finished building: default.size.stdout
 
13:51:34 **** Incremental Build of configuration Debug for project STM32F103C8T6_PWM ****
make -j12 all 
arm-none-eabi-size  STM32F103C8T6_PWM.elf 
   text	   data	    bss	    dec	    hex	filename
   8204	     20	   1644	   9868	   268c	STM32F103C8T6_PWM.elf
Finished building: default.size.stdout
 
13:53:25 **** Incremental Build of configuration Debug for project STM32F103C8T6_PWM ****
make -j12 all 
arm-none-eabi-size  STM32F103C8T6_PWM.elf 
   text	   data	    bss	    dec	    hex	filename
   8204	     20	   1644	   9868	   268c	STM32F103C8T6_PWM.elf
Finished building: default.size.stdout
 
13:53:36 **** Incremental Build of configuration Debug for project STM32F103C8T6_PWM ****
make -j12 all 
arm-none-eabi-size  STM32F103C8T6_PWM.elf 
   text	   data	    bss	    dec	    hex	filename
   8204	     20	   1644	   9868	   268c	STM32F103C8T6_PWM.elf
Finished building: default.size.stdout
 
13:53:36 **** Incremental Build of configuration Debug for project STM32F401CDU6_PWM ****
make -j12 all 
arm-none-eabi-size  STM32F401CDU6_PWM.elf 
   text	   data	    bss	    dec	    hex	filename
  14048	     20	  65252	  79320	  135d8	STM32F401CDU6_PWM.elf
Finished building: default.size.stdout
 
13:53:37 **** Incremental Build of configuration Debug for project STM32_DFSDM_T1 ****
make -j12 all 
arm-none-eabi-size  STM32_DFSDM_T1.elf 
   text	   data	    bss	    dec	    hex	filename
  21856	     20	  44660	  66536	  103e8	STM32_DFSDM_T1.elf
Finished building: default.size.stdout
 
13:58:01 **** Incremental Build of configuration Debug for project STM32F103C8T6_PWM ****
make -j12 all 
arm-none-eabi-size  STM32F103C8T6_PWM.elf 
   text	   data	    bss	    dec	    hex	filename
   8204	     20	   1644	   9868	   268c	STM32F103C8T6_PWM.elf
Finished building: default.size.stdout
 
13:58:14 **** Incremental Build of configuration Debug for project STM32F103C8T6_PWM ****
make -j12 all 
arm-none-eabi-size  STM32F103C8T6_PWM.elf 
   text	   data	    bss	    dec	    hex	filename
   8204	     20	   1644	   9868	   268c	STM32F103C8T6_PWM.elf
Finished building: default.size.stdout
 
14:00:31 **** Incremental Build of configuration Debug for project STM32F103C8T6_PWM ****
make -j12 all 
arm-none-eabi-size  STM32F103C8T6_PWM.elf 
   text	   data	    bss	    dec	    hex	filename
   8204	     20	   1644	   9868	   268c	STM32F103C8T6_PWM.elf
Finished building: default.size.stdout
 
14:00:47 **** Incremental Build of configuration Debug for project STM32F103C8T6_PWM ****
make -j12 all 
arm-none-eabi-size  STM32F103C8T6_PWM.elf 
   text	   data	    bss	    dec	    hex	filename
   8204	     20	   1644	   9868	   268c	STM32F103C8T6_PWM.elf
Finished building: default.size.stdout
 
14:01:14 **** Incremental Build of configuration Debug for project STM32F103C8T6_PWM ****
make -j12 all 
arm-none-eabi-gcc "../Core/Src/main.c" -mcpu=cortex-m3 -std=gnu11 -g3 -DDEBUG -DUSE_HAL_DRIVER -DSTM32F103xB -c -I../Core/Inc -I../Drivers/STM32F1xx_HAL_Driver/Inc/Legacy -I../Drivers/STM32F1xx_HAL_Driver/Inc -I../Drivers/CMSIS/Device/ST/STM32F1xx/Include -I../Drivers/CMSIS/Include -O0 -ffunction-sections -fdata-sections -Wall -fstack-usage -fcyclomatic-complexity -MMD -MP -MF"Core/Src/main.d" -MT"Core/Src/main.o" --specs=nano.specs -mfloat-abi=soft -mthumb -o "Core/Src/main.o"
arm-none-eabi-gcc -o "STM32F103C8T6_PWM.elf" @"objects.list"   -mcpu=cortex-m3 -T"C:\Users\Siraj\STM32CubeIDE\workspace_1.14.0\STM32F103C8T6_PWM\STM32F103C8TX_FLASH.ld" --specs=nosys.specs -Wl,-Map="STM32F103C8T6_PWM.map" -Wl,--gc-sections -static --specs=nano.specs -mfloat-abi=soft -mthumb -Wl,--start-group -lc -lm -Wl,--end-group
Finished building target: STM32F103C8T6_PWM.elf
 
arm-none-eabi-size  STM32F103C8T6_PWM.elf 
arm-none-eabi-objdump -h -S STM32F103C8T6_PWM.elf  > "STM32F103C8T6_PWM.list"
   text	   data	    bss	    dec	    hex	filename
   8204	     20	   1644	   9868	   268c	STM32F103C8T6_PWM.elf
Finished building: default.size.stdout
 
Finished building: STM32F103C8T6_PWM.list
 
14:18:43 **** Incremental Build of configuration Debug for project STM32F103C8T6_PWM ****
make -j12 all 
arm-none-eabi-gcc "../Core/Src/main.c" -mcpu=cortex-m3 -std=gnu11 -g3 -DDEBUG -DUSE_HAL_DRIVER -DSTM32F103xB -c -I../Core/Inc -I../Drivers/STM32F1xx_HAL_Driver/Inc/Legacy -I../Drivers/STM32F1xx_HAL_Driver/Inc -I../Drivers/CMSIS/Device/ST/STM32F1xx/Include -I../Drivers/CMSIS/Include -O0 -ffunction-sections -fdata-sections -Wall -fstack-usage -fcyclomatic-complexity -MMD -MP -MF"Core/Src/main.d" -MT"Core/Src/main.o" --specs=nano.specs -mfloat-abi=soft -mthumb -o "Core/Src/main.o"
arm-none-eabi-gcc -o "STM32F103C8T6_PWM.elf" @"objects.list"   -mcpu=cortex-m3 -T"C:\Users\Siraj\STM32CubeIDE\workspace_1.14.0\STM32F103C8T6_PWM\STM32F103C8TX_FLASH.ld" --specs=nosys.specs -Wl,-Map="STM32F103C8T6_PWM.map" -Wl,--gc-sections -static --specs=nano.specs -mfloat-abi=soft -mthumb -Wl,--start-group -lc -lm -Wl,--end-group
Finished building target: STM32F103C8T6_PWM.elf
 
arm-none-eabi-size  STM32F103C8T6_PWM.elf 
arm-none-eabi-objdump -h -S STM32F103C8T6_PWM.elf  > "STM32F103C8T6_PWM.list"
   text	   data	    bss	    dec	    hex	filename
   8204	     20	   1644	   9868	   268c	STM32F103C8T6_PWM.elf
Finished building: default.size.stdout
 
Finished building: STM32F103C8T6_PWM.list
 
14:18:45 **** Incremental Build of configuration Debug for project STM32F401CDU6_PWM ****
make -j12 all 
arm-none-eabi-size  STM32F401CDU6_PWM.elf 
   text	   data	    bss	    dec	    hex	filename
  14048	     20	  65252	  79320	  135d8	STM32F401CDU6_PWM.elf
Finished building: default.size.stdout
 
14:18:46 **** Incremental Build of configuration Debug for project STM32_DFSDM_T1 ****
make -j12 all 
arm-none-eabi-size  STM32_DFSDM_T1.elf 
   text	   data	    bss	    dec	    hex	filename
  21856	     20	  44660	  66536	  103e8	STM32_DFSDM_T1.elf
Finished building: default.size.stdout
 
14:20:40 **** Incremental Build of configuration Debug for project STM32F103C8T6_PWM ****
make -j12 all 
arm-none-eabi-size  STM32F103C8T6_PWM.elf 
   text	   data	    bss	    dec	    hex	filename
   8204	     20	   1644	   9868	   268c	STM32F103C8T6_PWM.elf
Finished building: default.size.stdout
 
14:24:14 **** Incremental Build of configuration Debug for project STM32F103C8T6_PWM ****
make -j12 all 
arm-none-eabi-size  STM32F103C8T6_PWM.elf 
   text	   data	    bss	    dec	    hex	filename
   8204	     20	   1644	   9868	   268c	STM32F103C8T6_PWM.elf
Finished building: default.size.stdout
 
14:25:44 **** Incremental Build of configuration Debug for project STM32F103C8T6_PWM ****
make -j12 all 
arm-none-eabi-gcc "../Core/Src/main.c" -mcpu=cortex-m3 -std=gnu11 -g3 -DDEBUG -DUSE_HAL_DRIVER -DSTM32F103xB -c -I../Core/Inc -I../Drivers/STM32F1xx_HAL_Driver/Inc/Legacy -I../Drivers/STM32F1xx_HAL_Driver/Inc -I../Drivers/CMSIS/Device/ST/STM32F1xx/Include -I../Drivers/CMSIS/Include -O0 -ffunction-sections -fdata-sections -Wall -fstack-usage -fcyclomatic-complexity -MMD -MP -MF"Core/Src/main.d" -MT"Core/Src/main.o" --specs=nano.specs -mfloat-abi=soft -mthumb -o "Core/Src/main.o"
arm-none-eabi-gcc -o "STM32F103C8T6_PWM.elf" @"objects.list"   -mcpu=cortex-m3 -T"C:\Users\Siraj\STM32CubeIDE\workspace_1.14.0\STM32F103C8T6_PWM\STM32F103C8TX_FLASH.ld" --specs=nosys.specs -Wl,-Map="STM32F103C8T6_PWM.map" -Wl,--gc-sections -static --specs=nano.specs -mfloat-abi=soft -mthumb -Wl,--start-group -lc -lm -Wl,--end-group
Finished building target: STM32F103C8T6_PWM.elf
 
arm-none-eabi-size  STM32F103C8T6_PWM.elf 
arm-none-eabi-objdump -h -S STM32F103C8T6_PWM.elf  > "STM32F103C8T6_PWM.list"
   text	   data	    bss	    dec	    hex	filename
   8208	     20	   1644	   9872	   2690	STM32F103C8T6_PWM.elf
Finished building: default.size.stdout
 
Finished building: STM32F103C8T6_PWM.list
 
14:25:44 **** Incremental Build of configuration Debug for project STM32F401CDU6_PWM ****
make -j12 all 
arm-none-eabi-size  STM32F401CDU6_PWM.elf 
   text	   data	    bss	    dec	    hex	filename
  14048	     20	  65252	  79320	  135d8	STM32F401CDU6_PWM.elf
Finished building: default.size.stdout
 
14:25:44 **** Incremental Build of configuration Debug for project STM32_DFSDM_T1 ****
make -j12 all 
arm-none-eabi-size  STM32_DFSDM_T1.elf 
   text	   data	    bss	    dec	    hex	filename
  21856	     20	  44660	  66536	  103e8	STM32_DFSDM_T1.elf
Finished building: default.size.stdout
 
15:13:37 **** Incremental Build of configuration Debug for project STM32F103C8T6_PWM ****
make -j12 all 
arm-none-eabi-gcc "../Drivers/STM32F1xx_HAL_Driver/Src/stm32f1xx_hal.c" -mcpu=cortex-m3 -std=gnu11 -g3 -DDEBUG -DUSE_HAL_DRIVER -DSTM32F103xB -c -I../Core/Inc -I../Drivers/STM32F1xx_HAL_Driver/Inc/Legacy -I../Drivers/STM32F1xx_HAL_Driver/Inc -I../Drivers/CMSIS/Device/ST/STM32F1xx/Include -I../Drivers/CMSIS/Include -O0 -ffunction-sections -fdata-sections -Wall -fstack-usage -fcyclomatic-complexity -MMD -MP -MF"Drivers/STM32F1xx_HAL_Driver/Src/stm32f1xx_hal.d" -MT"Drivers/STM32F1xx_HAL_Driver/Src/stm32f1xx_hal.o" --specs=nano.specs -mfloat-abi=soft -mthumb -o "Drivers/STM32F1xx_HAL_Driver/Src/stm32f1xx_hal.o"
arm-none-eabi-gcc "../Drivers/STM32F1xx_HAL_Driver/Src/stm32f1xx_hal_cortex.c" -mcpu=cortex-m3 -std=gnu11 -g3 -DDEBUG -DUSE_HAL_DRIVER -DSTM32F103xB -c -I../Core/Inc -I../Drivers/STM32F1xx_HAL_Driver/Inc/Legacy -I../Drivers/STM32F1xx_HAL_Driver/Inc -I../Drivers/CMSIS/Device/ST/STM32F1xx/Include -I../Drivers/CMSIS/Include -O0 -ffunction-sections -fdata-sections -Wall -fstack-usage -fcyclomatic-complexity -MMD -MP -MF"Drivers/STM32F1xx_HAL_Driver/Src/stm32f1xx_hal_cortex.d" -MT"Drivers/STM32F1xx_HAL_Driver/Src/stm32f1xx_hal_cortex.o" --specs=nano.specs -mfloat-abi=soft -mthumb -o "Drivers/STM32F1xx_HAL_Driver/Src/stm32f1xx_hal_cortex.o"
arm-none-eabi-gcc "../Drivers/STM32F1xx_HAL_Driver/Src/stm32f1xx_hal_dma.c" -mcpu=cortex-m3 -std=gnu11 -g3 -DDEBUG -DUSE_HAL_DRIVER -DSTM32F103xB -c -I../Core/Inc -I../Drivers/STM32F1xx_HAL_Driver/Inc/Legacy -I../Drivers/STM32F1xx_HAL_Driver/Inc -I../Drivers/CMSIS/Device/ST/STM32F1xx/Include -I../Drivers/CMSIS/Include -O0 -ffunction-sections -fdata-sections -Wall -fstack-usage -fcyclomatic-complexity -MMD -MP -MF"Drivers/STM32F1xx_HAL_Driver/Src/stm32f1xx_hal_dma.d" -MT"Drivers/STM32F1xx_HAL_Driver/Src/stm32f1xx_hal_dma.o" --specs=nano.specs -mfloat-abi=soft -mthumb -o "Drivers/STM32F1xx_HAL_Driver/Src/stm32f1xx_hal_dma.o"
arm-none-eabi-gcc "../Drivers/STM32F1xx_HAL_Driver/Src/stm32f1xx_hal_exti.c" -mcpu=cortex-m3 -std=gnu11 -g3 -DDEBUG -DUSE_HAL_DRIVER -DSTM32F103xB -c -I../Core/Inc -I../Drivers/STM32F1xx_HAL_Driver/Inc/Legacy -I../Drivers/STM32F1xx_HAL_Driver/Inc -I../Drivers/CMSIS/Device/ST/STM32F1xx/Include -I../Drivers/CMSIS/Include -O0 -ffunction-sections -fdata-sections -Wall -fstack-usage -fcyclomatic-complexity -MMD -MP -MF"Drivers/STM32F1xx_HAL_Driver/Src/stm32f1xx_hal_exti.d" -MT"Drivers/STM32F1xx_HAL_Driver/Src/stm32f1xx_hal_exti.o" --specs=nano.specs -mfloat-abi=soft -mthumb -o "Drivers/STM32F1xx_HAL_Driver/Src/stm32f1xx_hal_exti.o"
arm-none-eabi-gcc "../Drivers/STM32F1xx_HAL_Driver/Src/stm32f1xx_hal_flash.c" -mcpu=cortex-m3 -std=gnu11 -g3 -DDEBUG -DUSE_HAL_DRIVER -DSTM32F103xB -c -I../Core/Inc -I../Drivers/STM32F1xx_HAL_Driver/Inc/Legacy -I../Drivers/STM32F1xx_HAL_Driver/Inc -I../Drivers/CMSIS/Device/ST/STM32F1xx/Include -I../Drivers/CMSIS/Include -O0 -ffunction-sections -fdata-sections -Wall -fstack-usage -fcyclomatic-complexity -MMD -MP -MF"Drivers/STM32F1xx_HAL_Driver/Src/stm32f1xx_hal_flash.d" -MT"Drivers/STM32F1xx_HAL_Driver/Src/stm32f1xx_hal_flash.o" --specs=nano.specs -mfloat-abi=soft -mthumb -o "Drivers/STM32F1xx_HAL_Driver/Src/stm32f1xx_hal_flash.o"
arm-none-eabi-gcc "../Drivers/STM32F1xx_HAL_Driver/Src/stm32f1xx_hal_flash_ex.c" -mcpu=cortex-m3 -std=gnu11 -g3 -DDEBUG -DUSE_HAL_DRIVER -DSTM32F103xB -c -I../Core/Inc -I../Drivers/STM32F1xx_HAL_Driver/Inc/Legacy -I../Drivers/STM32F1xx_HAL_Driver/Inc -I../Drivers/CMSIS/Device/ST/STM32F1xx/Include -I../Drivers/CMSIS/Include -O0 -ffunction-sections -fdata-sections -Wall -fstack-usage -fcyclomatic-complexity -MMD -MP -MF"Drivers/STM32F1xx_HAL_Driver/Src/stm32f1xx_hal_flash_ex.d" -MT"Drivers/STM32F1xx_HAL_Driver/Src/stm32f1xx_hal_flash_ex.o" --specs=nano.specs -mfloat-abi=soft -mthumb -o "Drivers/STM32F1xx_HAL_Driver/Src/stm32f1xx_hal_flash_ex.o"
arm-none-eabi-gcc "../Drivers/STM32F1xx_HAL_Driver/Src/stm32f1xx_hal_gpio.c" -mcpu=cortex-m3 -std=gnu11 -g3 -DDEBUG -DUSE_HAL_DRIVER -DSTM32F103xB -c -I../Core/Inc -I../Drivers/STM32F1xx_HAL_Driver/Inc/Legacy -I../Drivers/STM32F1xx_HAL_Driver/Inc -I../Drivers/CMSIS/Device/ST/STM32F1xx/Include -I../Drivers/CMSIS/Include -O0 -ffunction-sections -fdata-sections -Wall -fstack-usage -fcyclomatic-complexity -MMD -MP -MF"Drivers/STM32F1xx_HAL_Driver/Src/stm32f1xx_hal_gpio.d" -MT"Drivers/STM32F1xx_HAL_Driver/Src/stm32f1xx_hal_gpio.o" --specs=nano.specs -mfloat-abi=soft -mthumb -o "Drivers/STM32F1xx_HAL_Driver/Src/stm32f1xx_hal_gpio.o"
arm-none-eabi-gcc "../Drivers/STM32F1xx_HAL_Driver/Src/stm32f1xx_hal_gpio_ex.c" -mcpu=cortex-m3 -std=gnu11 -g3 -DDEBUG -DUSE_HAL_DRIVER -DSTM32F103xB -c -I../Core/Inc -I../Drivers/STM32F1xx_HAL_Driver/Inc/Legacy -I../Drivers/STM32F1xx_HAL_Driver/Inc -I../Drivers/CMSIS/Device/ST/STM32F1xx/Include -I../Drivers/CMSIS/Include -O0 -ffunction-sections -fdata-sections -Wall -fstack-usage -fcyclomatic-complexity -MMD -MP -MF"Drivers/STM32F1xx_HAL_Driver/Src/stm32f1xx_hal_gpio_ex.d" -MT"Drivers/STM32F1xx_HAL_Driver/Src/stm32f1xx_hal_gpio_ex.o" --specs=nano.specs -mfloat-abi=soft -mthumb -o "Drivers/STM32F1xx_HAL_Driver/Src/stm32f1xx_hal_gpio_ex.o"
arm-none-eabi-gcc "../Drivers/STM32F1xx_HAL_Driver/Src/stm32f1xx_hal_pwr.c" -mcpu=cortex-m3 -std=gnu11 -g3 -DDEBUG -DUSE_HAL_DRIVER -DSTM32F103xB -c -I../Core/Inc -I../Drivers/STM32F1xx_HAL_Driver/Inc/Legacy -I../Drivers/STM32F1xx_HAL_Driver/Inc -I../Drivers/CMSIS/Device/ST/STM32F1xx/Include -I../Drivers/CMSIS/Include -O0 -ffunction-sections -fdata-sections -Wall -fstack-usage -fcyclomatic-complexity -MMD -MP -MF"Drivers/STM32F1xx_HAL_Driver/Src/stm32f1xx_hal_pwr.d" -MT"Drivers/STM32F1xx_HAL_Driver/Src/stm32f1xx_hal_pwr.o" --specs=nano.specs -mfloat-abi=soft -mthumb -o "Drivers/STM32F1xx_HAL_Driver/Src/stm32f1xx_hal_pwr.o"
arm-none-eabi-gcc "../Drivers/STM32F1xx_HAL_Driver/Src/stm32f1xx_hal_rcc.c" -mcpu=cortex-m3 -std=gnu11 -g3 -DDEBUG -DUSE_HAL_DRIVER -DSTM32F103xB -c -I../Core/Inc -I../Drivers/STM32F1xx_HAL_Driver/Inc/Legacy -I../Drivers/STM32F1xx_HAL_Driver/Inc -I../Drivers/CMSIS/Device/ST/STM32F1xx/Include -I../Drivers/CMSIS/Include -O0 -ffunction-sections -fdata-sections -Wall -fstack-usage -fcyclomatic-complexity -MMD -MP -MF"Drivers/STM32F1xx_HAL_Driver/Src/stm32f1xx_hal_rcc.d" -MT"Drivers/STM32F1xx_HAL_Driver/Src/stm32f1xx_hal_rcc.o" --specs=nano.specs -mfloat-abi=soft -mthumb -o "Drivers/STM32F1xx_HAL_Driver/Src/stm32f1xx_hal_rcc.o"
arm-none-eabi-gcc "../Drivers/STM32F1xx_HAL_Driver/Src/stm32f1xx_hal_rcc_ex.c" -mcpu=cortex-m3 -std=gnu11 -g3 -DDEBUG -DUSE_HAL_DRIVER -DSTM32F103xB -c -I../Core/Inc -I../Drivers/STM32F1xx_HAL_Driver/Inc/Legacy -I../Drivers/STM32F1xx_HAL_Driver/Inc -I../Drivers/CMSIS/Device/ST/STM32F1xx/Include -I../Drivers/CMSIS/Include -O0 -ffunction-sections -fdata-sections -Wall -fstack-usage -fcyclomatic-complexity -MMD -MP -MF"Drivers/STM32F1xx_HAL_Driver/Src/stm32f1xx_hal_rcc_ex.d" -MT"Drivers/STM32F1xx_HAL_Driver/Src/stm32f1xx_hal_rcc_ex.o" --specs=nano.specs -mfloat-abi=soft -mthumb -o "Drivers/STM32F1xx_HAL_Driver/Src/stm32f1xx_hal_rcc_ex.o"
arm-none-eabi-gcc "../Drivers/STM32F1xx_HAL_Driver/Src/stm32f1xx_hal_tim.c" -mcpu=cortex-m3 -std=gnu11 -g3 -DDEBUG -DUSE_HAL_DRIVER -DSTM32F103xB -c -I../Core/Inc -I../Drivers/STM32F1xx_HAL_Driver/Inc/Legacy -I../Drivers/STM32F1xx_HAL_Driver/Inc -I../Drivers/CMSIS/Device/ST/STM32F1xx/Include -I../Drivers/CMSIS/Include -O0 -ffunction-sections -fdata-sections -Wall -fstack-usage -fcyclomatic-complexity -MMD -MP -MF"Drivers/STM32F1xx_HAL_Driver/Src/stm32f1xx_hal_tim.d" -MT"Drivers/STM32F1xx_HAL_Driver/Src/stm32f1xx_hal_tim.o" --specs=nano.specs -mfloat-abi=soft -mthumb -o "Drivers/STM32F1xx_HAL_Driver/Src/stm32f1xx_hal_tim.o"
arm-none-eabi-gcc "../Drivers/STM32F1xx_HAL_Driver/Src/stm32f1xx_hal_tim_ex.c" -mcpu=cortex-m3 -std=gnu11 -g3 -DDEBUG -DUSE_HAL_DRIVER -DSTM32F103xB -c -I../Core/Inc -I../Drivers/STM32F1xx_HAL_Driver/Inc/Legacy -I../Drivers/STM32F1xx_HAL_Driver/Inc -I../Drivers/CMSIS/Device/ST/STM32F1xx/Include -I../Drivers/CMSIS/Include -O0 -ffunction-sections -fdata-sections -Wall -fstack-usage -fcyclomatic-complexity -MMD -MP -MF"Drivers/STM32F1xx_HAL_Driver/Src/stm32f1xx_hal_tim_ex.d" -MT"Drivers/STM32F1xx_HAL_Driver/Src/stm32f1xx_hal_tim_ex.o" --specs=nano.specs -mfloat-abi=soft -mthumb -o "Drivers/STM32F1xx_HAL_Driver/Src/stm32f1xx_hal_tim_ex.o"
[...]
  15000	     24	   1656	  16680	   4128	STM32F401CDU6_I2C_MASTER.elf
Finished building: default.size.stdout
 
18:50:20 **** Incremental Build of configuration Debug for project STM32F401CDU6_PWM ****
make -j12 all 
arm-none-eabi-size  STM32F401CDU6_PWM.elf 
   text	   data	    bss	    dec	    hex	filename
  14048	     20	  65252	  79320	  135d8	STM32F401CDU6_PWM.elf
Finished building: default.size.stdout
 
18:50:21 **** Incremental Build of configuration Debug for project STM32F401CDU6_ST7735S_TFT ****
make -j12 all 
arm-none-eabi-gcc "../Core/Src/main.c" -mcpu=cortex-m4 -std=gnu11 -g3 -DDEBUG -DUSE_HAL_DRIVER -DSTM32F401xE -c -I../Core/Inc -I../Drivers/STM32F4xx_HAL_Driver/Inc -I../Drivers/STM32F4xx_HAL_Driver/Inc/Legacy -I../Drivers/CMSIS/Device/ST/STM32F4xx/Include -I../Drivers/CMSIS/Include -O0 -ffunction-sections -fdata-sections -Wall -fstack-usage -fcyclomatic-complexity -MMD -MP -MF"Core/Src/main.d" -MT"Core/Src/main.o" --specs=nano.specs -mfpu=fpv4-sp-d16 -mfloat-abi=hard -mthumb -o "Core/Src/main.o"
../Core/Src/main.c: In function 'HAL_UART_RxCpltCallback':
../Core/Src/main.c:328:20: error: 'UART_HandleTypeDef' {aka 'struct __UART_HandleTypeDef'} has no member named 'RxBuffer'; did you mean 'pRxBuffPtr'?
  328 |         if (huart->RxBuffer[0] == 'y') {
      |                    ^~~~~~~~
      |                    pRxBuffPtr
../Core/Src/main.c:331:27: error: 'UART_HandleTypeDef' {aka 'struct __UART_HandleTypeDef'} has no member named 'RxBuffer'; did you mean 'pRxBuffPtr'?
  331 |         } else if (huart->RxBuffer[0] == 'n') {
      |                           ^~~~~~~~
      |                           pRxBuffPtr
make: *** [Core/Src/subdir.mk:40: Core/Src/main.o] Error 1
"make -j12 all" terminated with exit code 2. Build might be incomplete.
18:50:21 **** Incremental Build of configuration Debug for project STM32_DFSDM_T1 ****
make -j12 all 
arm-none-eabi-size  STM32_DFSDM_T1.elf 
   text	   data	    bss	    dec	    hex	filename
  21856	     20	  44660	  66536	  103e8	STM32_DFSDM_T1.elf
Finished building: default.size.stdout
 
18:50:26 **** Incremental Build of configuration Debug for project STM32F401CDU6_ST7735S_TFT ****
make -j12 all 
arm-none-eabi-gcc "../Core/Src/main.c" -mcpu=cortex-m4 -std=gnu11 -g3 -DDEBUG -DUSE_HAL_DRIVER -DSTM32F401xE -c -I../Core/Inc -I../Drivers/STM32F4xx_HAL_Driver/Inc -I../Drivers/STM32F4xx_HAL_Driver/Inc/Legacy -I../Drivers/CMSIS/Device/ST/STM32F4xx/Include -I../Drivers/CMSIS/Include -O0 -ffunction-sections -fdata-sections -Wall -fstack-usage -fcyclomatic-complexity -MMD -MP -MF"Core/Src/main.d" -MT"Core/Src/main.o" --specs=nano.specs -mfpu=fpv4-sp-d16 -mfloat-abi=hard -mthumb -o "Core/Src/main.o"
../Core/Src/main.c: In function 'HAL_UART_RxCpltCallback':
../Core/Src/main.c:328:20: error: 'UART_HandleTypeDef' {aka 'struct __UART_HandleTypeDef'} has no member named 'RxBuffer'; did you mean 'pRxBuffPtr'?
  328 |         if (huart->RxBuffer[0] == 'y') {
      |                    ^~~~~~~~
      |                    pRxBuffPtr
../Core/Src/main.c:331:27: error: 'UART_HandleTypeDef' {aka 'struct __UART_HandleTypeDef'} has no member named 'RxBuffer'; did you mean 'pRxBuffPtr'?
  331 |         } else if (huart->RxBuffer[0] == 'n') {
      |                           ^~~~~~~~
      |                           pRxBuffPtr
make: *** [Core/Src/subdir.mk:40: Core/Src/main.o] Error 1
"make -j12 all" terminated with exit code 2. Build might be incomplete.
18:54:24 **** Incremental Build of configuration Debug for project STM32F401CDU6_ST7735S_TFT ****
make -j12 all 
arm-none-eabi-gcc "../Core/Src/main.c" -mcpu=cortex-m4 -std=gnu11 -g3 -DDEBUG -DUSE_HAL_DRIVER -DSTM32F401xE -c -I../Core/Inc -I../Drivers/STM32F4xx_HAL_Driver/Inc -I../Drivers/STM32F4xx_HAL_Driver/Inc/Legacy -I../Drivers/CMSIS/Device/ST/STM32F4xx/Include -I../Drivers/CMSIS/Include -O0 -ffunction-sections -fdata-sections -Wall -fstack-usage -fcyclomatic-complexity -MMD -MP -MF"Core/Src/main.d" -MT"Core/Src/main.o" --specs=nano.specs -mfpu=fpv4-sp-d16 -mfloat-abi=hard -mthumb -o "Core/Src/main.o"
arm-none-eabi-gcc -o "STM32F401CDU6_ST7735S_TFT.elf" @"objects.list"   -mcpu=cortex-m4 -T"C:\Users\Siraj\STM32CubeIDE\workspace_1.14.0\STM32F401CDU6_ST7735S_TFT\STM32F401CDUX_FLASH.ld" --specs=nosys.specs -Wl,-Map="STM32F401CDU6_ST7735S_TFT.map" -Wl,--gc-sections -static --specs=nano.specs -mfpu=fpv4-sp-d16 -mfloat-abi=hard -mthumb -Wl,--start-group -lc -lm -Wl,--end-group
Finished building target: STM32F401CDU6_ST7735S_TFT.elf
 
arm-none-eabi-size  STM32F401CDU6_ST7735S_TFT.elf 
arm-none-eabi-objdump -h -S STM32F401CDU6_ST7735S_TFT.elf  > "STM32F401CDU6_ST7735S_TFT.list"
   text	   data	    bss	    dec	    hex	filename
  60020	     28	   1804	  61852	   f19c	STM32F401CDU6_ST7735S_TFT.elf
Finished building: default.size.stdout
 
Finished building: STM32F401CDU6_ST7735S_TFT.list
 
18:55:26 **** Incremental Build of configuration Debug for project STM32F401CDU6_ST7735S_TFT ****
make -j12 all 
arm-none-eabi-gcc "../Core/Src/main.c" -mcpu=cortex-m4 -std=gnu11 -g3 -DDEBUG -DUSE_HAL_DRIVER -DSTM32F401xE -c -I../Core/Inc -I../Drivers/STM32F4xx_HAL_Driver/Inc -I../Drivers/STM32F4xx_HAL_Driver/Inc/Legacy -I../Drivers/CMSIS/Device/ST/STM32F4xx/Include -I../Drivers/CMSIS/Include -O0 -ffunction-sections -fdata-sections -Wall -fstack-usage -fcyclomatic-complexity -MMD -MP -MF"Core/Src/main.d" -MT"Core/Src/main.o" --specs=nano.specs -mfpu=fpv4-sp-d16 -mfloat-abi=hard -mthumb -o "Core/Src/main.o"
arm-none-eabi-gcc -o "STM32F401CDU6_ST7735S_TFT.elf" @"objects.list"   -mcpu=cortex-m4 -T"C:\Users\Siraj\STM32CubeIDE\workspace_1.14.0\STM32F401CDU6_ST7735S_TFT\STM32F401CDUX_FLASH.ld" --specs=nosys.specs -Wl,-Map="STM32F401CDU6_ST7735S_TFT.map" -Wl,--gc-sections -static --specs=nano.specs -mfpu=fpv4-sp-d16 -mfloat-abi=hard -mthumb -Wl,--start-group -lc -lm -Wl,--end-group
Finished building target: STM32F401CDU6_ST7735S_TFT.elf
 
arm-none-eabi-size  STM32F401CDU6_ST7735S_TFT.elf 
arm-none-eabi-objdump -h -S STM32F401CDU6_ST7735S_TFT.elf  > "STM32F401CDU6_ST7735S_TFT.list"
   text	   data	    bss	    dec	    hex	filename
  60004	     28	   1804	  61836	   f18c	STM32F401CDU6_ST7735S_TFT.elf
Finished building: default.size.stdout
 
Finished building: STM32F401CDU6_ST7735S_TFT.list
 
19:06:41 **** Incremental Build of configuration Debug for project STM32F401CDU6_ST7735S_TFT ****
make -j12 all 
arm-none-eabi-gcc "../Core/Src/main.c" -mcpu=cortex-m4 -std=gnu11 -g3 -DDEBUG -DUSE_HAL_DRIVER -DSTM32F401xE -c -I../Core/Inc -I../Drivers/STM32F4xx_HAL_Driver/Inc -I../Drivers/STM32F4xx_HAL_Driver/Inc/Legacy -I../Drivers/CMSIS/Device/ST/STM32F4xx/Include -I../Drivers/CMSIS/Include -O0 -ffunction-sections -fdata-sections -Wall -fstack-usage -fcyclomatic-complexity -MMD -MP -MF"Core/Src/main.d" -MT"Core/Src/main.o" --specs=nano.specs -mfpu=fpv4-sp-d16 -mfloat-abi=hard -mthumb -o "Core/Src/main.o"
arm-none-eabi-gcc -o "STM32F401CDU6_ST7735S_TFT.elf" @"objects.list"   -mcpu=cortex-m4 -T"C:\Users\Siraj\STM32CubeIDE\workspace_1.14.0\STM32F401CDU6_ST7735S_TFT\STM32F401CDUX_FLASH.ld" --specs=nosys.specs -Wl,-Map="STM32F401CDU6_ST7735S_TFT.map" -Wl,--gc-sections -static --specs=nano.specs -mfpu=fpv4-sp-d16 -mfloat-abi=hard -mthumb -Wl,--start-group -lc -lm -Wl,--end-group
Finished building target: STM32F401CDU6_ST7735S_TFT.elf
 
arm-none-eabi-size  STM32F401CDU6_ST7735S_TFT.elf 
arm-none-eabi-objdump -h -S STM32F401CDU6_ST7735S_TFT.elf  > "STM32F401CDU6_ST7735S_TFT.list"
   text	   data	    bss	    dec	    hex	filename
  60324	     28	   1804	  62156	   f2cc	STM32F401CDU6_ST7735S_TFT.elf
Finished building: default.size.stdout
 
Finished building: STM32F401CDU6_ST7735S_TFT.list
 
19:08:52 **** Incremental Build of configuration Debug for project STM32F401CDU6_ST7735S_TFT ****
make -j12 all 
arm-none-eabi-gcc "../Core/Src/main.c" -mcpu=cortex-m4 -std=gnu11 -g3 -DDEBUG -DUSE_HAL_DRIVER -DSTM32F401xE -c -I../Core/Inc -I../Drivers/STM32F4xx_HAL_Driver/Inc -I../Drivers/STM32F4xx_HAL_Driver/Inc/Legacy -I../Drivers/CMSIS/Device/ST/STM32F4xx/Include -I../Drivers/CMSIS/Include -O0 -ffunction-sections -fdata-sections -Wall -fstack-usage -fcyclomatic-complexity -MMD -MP -MF"Core/Src/main.d" -MT"Core/Src/main.o" --specs=nano.specs -mfpu=fpv4-sp-d16 -mfloat-abi=hard -mthumb -o "Core/Src/main.o"
arm-none-eabi-gcc -o "STM32F401CDU6_ST7735S_TFT.elf" @"objects.list"   -mcpu=cortex-m4 -T"C:\Users\Siraj\STM32CubeIDE\workspace_1.14.0\STM32F401CDU6_ST7735S_TFT\STM32F401CDUX_FLASH.ld" --specs=nosys.specs -Wl,-Map="STM32F401CDU6_ST7735S_TFT.map" -Wl,--gc-sections -static --specs=nano.specs -mfpu=fpv4-sp-d16 -mfloat-abi=hard -mthumb -Wl,--start-group -lc -lm -Wl,--end-group
Finished building target: STM32F401CDU6_ST7735S_TFT.elf
 
arm-none-eabi-size  STM32F401CDU6_ST7735S_TFT.elf 
arm-none-eabi-objdump -h -S STM32F401CDU6_ST7735S_TFT.elf  > "STM32F401CDU6_ST7735S_TFT.list"
   text	   data	    bss	    dec	    hex	filename
  60332	     28	   1804	  62164	   f2d4	STM32F401CDU6_ST7735S_TFT.elf
Finished building: default.size.stdout
 
Finished building: STM32F401CDU6_ST7735S_TFT.list
 
19:14:51 **** Incremental Build of configuration Debug for project STM32F401CDU6_ST7735S_TFT ****
make -j12 all 
arm-none-eabi-gcc "../Core/Src/main.c" -mcpu=cortex-m4 -std=gnu11 -g3 -DDEBUG -DUSE_HAL_DRIVER -DSTM32F401xE -c -I../Core/Inc -I../Drivers/STM32F4xx_HAL_Driver/Inc -I../Drivers/STM32F4xx_HAL_Driver/Inc/Legacy -I../Drivers/CMSIS/Device/ST/STM32F4xx/Include -I../Drivers/CMSIS/Include -O0 -ffunction-sections -fdata-sections -Wall -fstack-usage -fcyclomatic-complexity -MMD -MP -MF"Core/Src/main.d" -MT"Core/Src/main.o" --specs=nano.specs -mfpu=fpv4-sp-d16 -mfloat-abi=hard -mthumb -o "Core/Src/main.o"
../Core/Src/main.c: In function 'main':
../Core/Src/main.c:105:40: error: 'data' undeclared (first use in this function)
  105 |   HAL_UARTEx_ReceiveToIdle_IT(&huart2,&data,1);
      |                                        ^~~~
../Core/Src/main.c:105:40: note: each undeclared identifier is reported only once for each function it appears in
make: *** [Core/Src/subdir.mk:40: Core/Src/main.o] Error 1
"make -j12 all" terminated with exit code 2. Build might be incomplete.
19:15:51 **** Incremental Build of configuration Debug for project STM32F401CDU6_ST7735S_TFT ****
make -j12 all 
arm-none-eabi-gcc "../Core/Src/main.c" -mcpu=cortex-m4 -std=gnu11 -g3 -DDEBUG -DUSE_HAL_DRIVER -DSTM32F401xE -c -I../Core/Inc -I../Drivers/STM32F4xx_HAL_Driver/Inc -I../Drivers/STM32F4xx_HAL_Driver/Inc/Legacy -I../Drivers/CMSIS/Device/ST/STM32F4xx/Include -I../Drivers/CMSIS/Include -O0 -ffunction-sections -fdata-sections -Wall -fstack-usage -fcyclomatic-complexity -MMD -MP -MF"Core/Src/main.d" -MT"Core/Src/main.o" --specs=nano.specs -mfpu=fpv4-sp-d16 -mfloat-abi=hard -mthumb -o "Core/Src/main.o"
arm-none-eabi-gcc -o "STM32F401CDU6_ST7735S_TFT.elf" @"objects.list"   -mcpu=cortex-m4 -T"C:\Users\Siraj\STM32CubeIDE\workspace_1.14.0\STM32F401CDU6_ST7735S_TFT\STM32F401CDUX_FLASH.ld" --specs=nosys.specs -Wl,-Map="STM32F401CDU6_ST7735S_TFT.map" -Wl,--gc-sections -static --specs=nano.specs -mfpu=fpv4-sp-d16 -mfloat-abi=hard -mthumb -Wl,--start-group -lc -lm -Wl,--end-group
Finished building target: STM32F401CDU6_ST7735S_TFT.elf
 
arm-none-eabi-size  STM32F401CDU6_ST7735S_TFT.elf 
arm-none-eabi-objdump -h -S STM32F401CDU6_ST7735S_TFT.elf  > "STM32F401CDU6_ST7735S_TFT.list"
   text	   data	    bss	    dec	    hex	filename
  60332	     28	   1804	  62164	   f2d4	STM32F401CDU6_ST7735S_TFT.elf
Finished building: default.size.stdout
 
Finished building: STM32F401CDU6_ST7735S_TFT.list
 
19:22:08 **** Incremental Build of configuration Debug for project STM32F401CDU6_ST7735S_TFT ****
make -j12 all 
arm-none-eabi-gcc "../Core/Src/main.c" -mcpu=cortex-m4 -std=gnu11 -g3 -DDEBUG -DUSE_HAL_DRIVER -DSTM32F401xE -c -I../Core/Inc -I../Drivers/STM32F4xx_HAL_Driver/Inc -I../Drivers/STM32F4xx_HAL_Driver/Inc/Legacy -I../Drivers/CMSIS/Device/ST/STM32F4xx/Include -I../Drivers/CMSIS/Include -O0 -ffunction-sections -fdata-sections -Wall -fstack-usage -fcyclomatic-complexity -MMD -MP -MF"Core/Src/main.d" -MT"Core/Src/main.o" --specs=nano.specs -mfpu=fpv4-sp-d16 -mfloat-abi=hard -mthumb -o "Core/Src/main.o"
arm-none-eabi-gcc -o "STM32F401CDU6_ST7735S_TFT.elf" @"objects.list"   -mcpu=cortex-m4 -T"C:\Users\Siraj\STM32CubeIDE\workspace_1.14.0\STM32F401CDU6_ST7735S_TFT\STM32F401CDUX_FLASH.ld" --specs=nosys.specs -Wl,-Map="STM32F401CDU6_ST7735S_TFT.map" -Wl,--gc-sections -static --specs=nano.specs -mfpu=fpv4-sp-d16 -mfloat-abi=hard -mthumb -Wl,--start-group -lc -lm -Wl,--end-group
Finished building target: STM32F401CDU6_ST7735S_TFT.elf
 
arm-none-eabi-size  STM32F401CDU6_ST7735S_TFT.elf 
arm-none-eabi-objdump -h -S STM32F401CDU6_ST7735S_TFT.elf  > "STM32F401CDU6_ST7735S_TFT.list"
   text	   data	    bss	    dec	    hex	filename
  60220	     28	   1804	  62052	   f264	STM32F401CDU6_ST7735S_TFT.elf
Finished building: default.size.stdout
 
Finished building: STM32F401CDU6_ST7735S_TFT.list
 
19:23:31 **** Incremental Build of configuration Debug for project STM32F401CDU6_ST7735S_TFT ****
make -j12 all 
arm-none-eabi-gcc "../Core/Src/main.c" -mcpu=cortex-m4 -std=gnu11 -g3 -DDEBUG -DUSE_HAL_DRIVER -DSTM32F401xE -c -I../Core/Inc -I../Drivers/STM32F4xx_HAL_Driver/Inc -I../Drivers/STM32F4xx_HAL_Driver/Inc/Legacy -I../Drivers/CMSIS/Device/ST/STM32F4xx/Include -I../Drivers/CMSIS/Include -O0 -ffunction-sections -fdata-sections -Wall -fstack-usage -fcyclomatic-complexity -MMD -MP -MF"Core/Src/main.d" -MT"Core/Src/main.o" --specs=nano.specs -mfpu=fpv4-sp-d16 -mfloat-abi=hard -mthumb -o "Core/Src/main.o"
arm-none-eabi-gcc -o "STM32F401CDU6_ST7735S_TFT.elf" @"objects.list"   -mcpu=cortex-m4 -T"C:\Users\Siraj\STM32CubeIDE\workspace_1.14.0\STM32F401CDU6_ST7735S_TFT\STM32F401CDUX_FLASH.ld" --specs=nosys.specs -Wl,-Map="STM32F401CDU6_ST7735S_TFT.map" -Wl,--gc-sections -static --specs=nano.specs -mfpu=fpv4-sp-d16 -mfloat-abi=hard -mthumb -Wl,--start-group -lc -lm -Wl,--end-group
Finished building target: STM32F401CDU6_ST7735S_TFT.elf
 
arm-none-eabi-size  STM32F401CDU6_ST7735S_TFT.elf 
arm-none-eabi-objdump -h -S STM32F401CDU6_ST7735S_TFT.elf  > "STM32F401CDU6_ST7735S_TFT.list"
   text	   data	    bss	    dec	    hex	filename
  60212	     28	   1804	  62044	   f25c	STM32F401CDU6_ST7735S_TFT.elf
Finished building: default.size.stdout
 
Finished building: STM32F401CDU6_ST7735S_TFT.list
 
19:24:28 **** Incremental Build of configuration Debug for project STM32F401CDU6_ST7735S_TFT ****
make -j12 all 
arm-none-eabi-gcc "../Core/Src/main.c" -mcpu=cortex-m4 -std=gnu11 -g3 -DDEBUG -DUSE_HAL_DRIVER -DSTM32F401xE -c -I../Core/Inc -I../Drivers/STM32F4xx_HAL_Driver/Inc -I../Drivers/STM32F4xx_HAL_Driver/Inc/Legacy -I../Drivers/CMSIS/Device/ST/STM32F4xx/Include -I../Drivers/CMSIS/Include -O0 -ffunction-sections -fdata-sections -Wall -fstack-usage -fcyclomatic-complexity -MMD -MP -MF"Core/Src/main.d" -MT"Core/Src/main.o" --specs=nano.specs -mfpu=fpv4-sp-d16 -mfloat-abi=hard -mthumb -o "Core/Src/main.o"
arm-none-eabi-gcc -o "STM32F401CDU6_ST7735S_TFT.elf" @"objects.list"   -mcpu=cortex-m4 -T"C:\Users\Siraj\STM32CubeIDE\workspace_1.14.0\STM32F401CDU6_ST7735S_TFT\STM32F401CDUX_FLASH.ld" --specs=nosys.specs -Wl,-Map="STM32F401CDU6_ST7735S_TFT.map" -Wl,--gc-sections -static --specs=nano.specs -mfpu=fpv4-sp-d16 -mfloat-abi=hard -mthumb -Wl,--start-group -lc -lm -Wl,--end-group
Finished building target: STM32F401CDU6_ST7735S_TFT.elf
 
arm-none-eabi-size  STM32F401CDU6_ST7735S_TFT.elf 
arm-none-eabi-objdump -h -S STM32F401CDU6_ST7735S_TFT.elf  > "STM32F401CDU6_ST7735S_TFT.list"
   text	   data	    bss	    dec	    hex	filename
  60224	     28	   1804	  62056	   f268	STM32F401CDU6_ST7735S_TFT.elf
Finished building: default.size.stdout
 
Finished building: STM32F401CDU6_ST7735S_TFT.list
 
19:25:47 **** Incremental Build of configuration Debug for project STM32F401CDU6_ST7735S_TFT ****
make -j12 all 
arm-none-eabi-gcc "../Core/Src/main.c" -mcpu=cortex-m4 -std=gnu11 -g3 -DDEBUG -DUSE_HAL_DRIVER -DSTM32F401xE -c -I../Core/Inc -I../Drivers/STM32F4xx_HAL_Driver/Inc -I../Drivers/STM32F4xx_HAL_Driver/Inc/Legacy -I../Drivers/CMSIS/Device/ST/STM32F4xx/Include -I../Drivers/CMSIS/Include -O0 -ffunction-sections -fdata-sections -Wall -fstack-usage -fcyclomatic-complexity -MMD -MP -MF"Core/Src/main.d" -MT"Core/Src/main.o" --specs=nano.specs -mfpu=fpv4-sp-d16 -mfloat-abi=hard -mthumb -o "Core/Src/main.o"
arm-none-eabi-gcc -o "STM32F401CDU6_ST7735S_TFT.elf" @"objects.list"   -mcpu=cortex-m4 -T"C:\Users\Siraj\STM32CubeIDE\workspace_1.14.0\STM32F401CDU6_ST7735S_TFT\STM32F401CDUX_FLASH.ld" --specs=nosys.specs -Wl,-Map="STM32F401CDU6_ST7735S_TFT.map" -Wl,--gc-sections -static --specs=nano.specs -mfpu=fpv4-sp-d16 -mfloat-abi=hard -mthumb -Wl,--start-group -lc -lm -Wl,--end-group
Finished building target: STM32F401CDU6_ST7735S_TFT.elf
 
arm-none-eabi-size  STM32F401CDU6_ST7735S_TFT.elf 
arm-none-eabi-objdump -h -S STM32F401CDU6_ST7735S_TFT.elf  > "STM32F401CDU6_ST7735S_TFT.list"
   text	   data	    bss	    dec	    hex	filename
  63264	     28	   1804	  65096	   fe48	STM32F401CDU6_ST7735S_TFT.elf
Finished building: default.size.stdout
 
Finished building: STM32F401CDU6_ST7735S_TFT.list
 
19:27:24 **** Incremental Build of configuration Debug for project STM32F401CDU6_ST7735S_TFT ****
make -j12 all 
arm-none-eabi-gcc "../Core/Src/main.c" -mcpu=cortex-m4 -std=gnu11 -g3 -DDEBUG -DUSE_HAL_DRIVER -DSTM32F401xE -c -I../Core/Inc -I../Drivers/STM32F4xx_HAL_Driver/Inc -I../Drivers/STM32F4xx_HAL_Driver/Inc/Legacy -I../Drivers/CMSIS/Device/ST/STM32F4xx/Include -I../Drivers/CMSIS/Include -O0 -ffunction-sections -fdata-sections -Wall -fstack-usage -fcyclomatic-complexity -MMD -MP -MF"Core/Src/main.d" -MT"Core/Src/main.o" --specs=nano.specs -mfpu=fpv4-sp-d16 -mfloat-abi=hard -mthumb -o "Core/Src/main.o"
arm-none-eabi-gcc -o "STM32F401CDU6_ST7735S_TFT.elf" @"objects.list"   -mcpu=cortex-m4 -T"C:\Users\Siraj\STM32CubeIDE\workspace_1.14.0\STM32F401CDU6_ST7735S_TFT\STM32F401CDUX_FLASH.ld" --specs=nosys.specs -Wl,-Map="STM32F401CDU6_ST7735S_TFT.map" -Wl,--gc-sections -static --specs=nano.specs -mfpu=fpv4-sp-d16 -mfloat-abi=hard -mthumb -Wl,--start-group -lc -lm -Wl,--end-group
Finished building target: STM32F401CDU6_ST7735S_TFT.elf
 
arm-none-eabi-size  STM32F401CDU6_ST7735S_TFT.elf 
arm-none-eabi-objdump -h -S STM32F401CDU6_ST7735S_TFT.elf  > "STM32F401CDU6_ST7735S_TFT.list"
   text	   data	    bss	    dec	    hex	filename
  63300	     28	   1804	  65132	   fe6c	STM32F401CDU6_ST7735S_TFT.elf
Finished building: default.size.stdout
 
Finished building: STM32F401CDU6_ST7735S_TFT.list
 
19:28:52 **** Incremental Build of configuration Debug for project STM32F401CDU6_ST7735S_TFT ****
make -j12 all 
arm-none-eabi-gcc "../Core/Src/main.c" -mcpu=cortex-m4 -std=gnu11 -g3 -DDEBUG -DUSE_HAL_DRIVER -DSTM32F401xE -c -I../Core/Inc -I../Drivers/STM32F4xx_HAL_Driver/Inc -I../Drivers/STM32F4xx_HAL_Driver/Inc/Legacy -I../Drivers/CMSIS/Device/ST/STM32F4xx/Include -I../Drivers/CMSIS/Include -O0 -ffunction-sections -fdata-sections -Wall -fstack-usage -fcyclomatic-complexity -MMD -MP -MF"Core/Src/main.d" -MT"Core/Src/main.o" --specs=nano.specs -mfpu=fpv4-sp-d16 -mfloat-abi=hard -mthumb -o "Core/Src/main.o"
arm-none-eabi-gcc -o "STM32F401CDU6_ST7735S_TFT.elf" @"objects.list"   -mcpu=cortex-m4 -T"C:\Users\Siraj\STM32CubeIDE\workspace_1.14.0\STM32F401CDU6_ST7735S_TFT\STM32F401CDUX_FLASH.ld" --specs=nosys.specs -Wl,-Map="STM32F401CDU6_ST7735S_TFT.map" -Wl,--gc-sections -static --specs=nano.specs -mfpu=fpv4-sp-d16 -mfloat-abi=hard -mthumb -Wl,--start-group -lc -lm -Wl,--end-group
Finished building target: STM32F401CDU6_ST7735S_TFT.elf
 
arm-none-eabi-size  STM32F401CDU6_ST7735S_TFT.elf 
arm-none-eabi-objdump -h -S STM32F401CDU6_ST7735S_TFT.elf  > "STM32F401CDU6_ST7735S_TFT.list"
   text	   data	    bss	    dec	    hex	filename
  63296	     28	   1804	  65128	   fe68	STM32F401CDU6_ST7735S_TFT.elf
Finished building: default.size.stdout
 
Finished building: STM32F401CDU6_ST7735S_TFT.list
 
