18:10:35 **** Incremental Build of configuration Debug for project STM32F103C8T6_I2C ****
make -j12 all 
arm-none-eabi-gcc "../Core/Src/main.c" -mcpu=cortex-m3 -std=gnu11 -g3 -DDEBUG -DUSE_HAL_DRIVER -DSTM32F103xB -c -I../Core/Inc -I../Drivers/STM32F1xx_HAL_Driver/Inc/Legacy -I../Drivers/STM32F1xx_HAL_Driver/Inc -I../Drivers/CMSIS/Device/ST/STM32F1xx/Include -I../Drivers/CMSIS/Include -O0 -ffunction-sections -fdata-sections -Wall -fstack-usage -fcyclomatic-complexity -MMD -MP -MF"Core/Src/main.d" -MT"Core/Src/main.o" --specs=nano.specs -mfloat-abi=soft -mthumb -o "Core/Src/main.o"
arm-none-eabi-gcc -o "STM32F103C8T6_I2C.elf" @"objects.list"   -mcpu=cortex-m3 -T"C:\Users\Siraj\STM32CubeIDE\workspace_1.14.0\STM32F103C8T6_I2C\STM32F103C8TX_FLASH.ld" --specs=nosys.specs -Wl,-Map="STM32F103C8T6_I2C.map" -Wl,--gc-sections -static --specs=nano.specs -mfloat-abi=soft -mthumb -Wl,--start-group -lc -lm -Wl,--end-group
Finished building target: STM32F103C8T6_I2C.elf
 
arm-none-eabi-size  STM32F103C8T6_I2C.elf 
arm-none-eabi-objdump -h -S STM32F103C8T6_I2C.elf  > "STM32F103C8T6_I2C.list"
   text	   data	    bss	    dec	    hex	filename
  15124	     20	   1732	  16876	   41ec	STM32F103C8T6_I2C.elf
Finished building: default.size.stdout
 
Finished building: STM32F103C8T6_I2C.list
 

18:10:36 Build Finished. 0 errors, 0 warnings. (took 722ms)

